Archive member included to satisfy reference by file (symbol)

D:\GITHUB\STM32\EDS_2024\MCAL\Debug\libMCAL.a(mcalEXTI.o)
                              ./Src/RotaryPushButton.o (extiInit)
D:\GITHUB\STM32\EDS_2024\MCAL\Debug\libMCAL.a(mcalGPIO.o)
                              D:\GITHUB\STM32\EDS_2024\MCAL\Debug\libMCAL.a(mcalEXTI.o) (gpioVerifyPort)
D:\GITHUB\STM32\EDS_2024\MCAL\Debug\libMCAL.a(mcalI2C.o)
                              ./Src/graphics.o (i2cSelectI2C)
D:\GITHUB\STM32\EDS_2024\MCAL\Debug\libMCAL.a(mcalRCC.o)
                              D:\GITHUB\STM32\EDS_2024\MCAL\Debug\libMCAL.a(mcalI2C.o) (rccGetPclk1Freq)
D:\GITHUB\STM32\EDS_2024\MCAL\Debug\libMCAL.a(mcalSPI.o)
                              ./Src/ST7735.o (spiInitSPI)
D:\GITHUB\STM32\EDS_2024\MCAL\Debug\libMCAL.a(mcalSysTick.o)
                              ./Src/main.o (systickSetMillis)
D:\GITHUB\STM32\EDS_2024\CMSIS\Debug\libCMSIS.a(system_stm32f4xx.o)
                              D:\GITHUB\STM32\EDS_2024\MCAL\Debug\libMCAL.a(mcalRCC.o) (SystemCoreClock)
c:/st/stm32cubeide_1.12.0/stm32cubeide/plugins/com.st.stm32cube.ide.mcu.externaltools.gnu-tools-for-stm32.10.3-2021.10.win32_1.0.200.202301161003/tools/bin/../lib/gcc/arm-none-eabi/10.3.1/../../../../arm-none-eabi/lib/thumb/v7e-m+fp/hard\libc_nano.a(lib_a-exit.o)
                              c:/st/stm32cubeide_1.12.0/stm32cubeide/plugins/com.st.stm32cube.ide.mcu.externaltools.gnu-tools-for-stm32.10.3-2021.10.win32_1.0.200.202301161003/tools/bin/../lib/gcc/arm-none-eabi/10.3.1/../../../../arm-none-eabi/lib/thumb/v7e-m+fp/hard/crt0.o (exit)
c:/st/stm32cubeide_1.12.0/stm32cubeide/plugins/com.st.stm32cube.ide.mcu.externaltools.gnu-tools-for-stm32.10.3-2021.10.win32_1.0.200.202301161003/tools/bin/../lib/gcc/arm-none-eabi/10.3.1/../../../../arm-none-eabi/lib/thumb/v7e-m+fp/hard\libc_nano.a(lib_a-impure.o)
                              c:/st/stm32cubeide_1.12.0/stm32cubeide/plugins/com.st.stm32cube.ide.mcu.externaltools.gnu-tools-for-stm32.10.3-2021.10.win32_1.0.200.202301161003/tools/bin/../lib/gcc/arm-none-eabi/10.3.1/../../../../arm-none-eabi/lib/thumb/v7e-m+fp/hard\libc_nano.a(lib_a-exit.o) (_global_impure_ptr)
c:/st/stm32cubeide_1.12.0/stm32cubeide/plugins/com.st.stm32cube.ide.mcu.externaltools.gnu-tools-for-stm32.10.3-2021.10.win32_1.0.200.202301161003/tools/bin/../lib/gcc/arm-none-eabi/10.3.1/../../../../arm-none-eabi/lib/thumb/v7e-m+fp/hard\libc_nano.a(lib_a-init.o)
                              c:/st/stm32cubeide_1.12.0/stm32cubeide/plugins/com.st.stm32cube.ide.mcu.externaltools.gnu-tools-for-stm32.10.3-2021.10.win32_1.0.200.202301161003/tools/bin/../lib/gcc/arm-none-eabi/10.3.1/../../../../arm-none-eabi/lib/thumb/v7e-m+fp/hard/crt0.o (__libc_init_array)
c:/st/stm32cubeide_1.12.0/stm32cubeide/plugins/com.st.stm32cube.ide.mcu.externaltools.gnu-tools-for-stm32.10.3-2021.10.win32_1.0.200.202301161003/tools/bin/../lib/gcc/arm-none-eabi/10.3.1/../../../../arm-none-eabi/lib/thumb/v7e-m+fp/hard\libc_nano.a(lib_a-memset.o)
                              c:/st/stm32cubeide_1.12.0/stm32cubeide/plugins/com.st.stm32cube.ide.mcu.externaltools.gnu-tools-for-stm32.10.3-2021.10.win32_1.0.200.202301161003/tools/bin/../lib/gcc/arm-none-eabi/10.3.1/../../../../arm-none-eabi/lib/thumb/v7e-m+fp/hard/crt0.o (memset)
c:/st/stm32cubeide_1.12.0/stm32cubeide/plugins/com.st.stm32cube.ide.mcu.externaltools.gnu-tools-for-stm32.10.3-2021.10.win32_1.0.200.202301161003/tools/bin/../lib/gcc/arm-none-eabi/10.3.1/../../../../arm-none-eabi/lib/thumb/v7e-m+fp/hard\libc_nano.a(lib_a-nano-vfprintf_float.o)
                              (_printf_float)
c:/st/stm32cubeide_1.12.0/stm32cubeide/plugins/com.st.stm32cube.ide.mcu.externaltools.gnu-tools-for-stm32.10.3-2021.10.win32_1.0.200.202301161003/tools/bin/../lib/gcc/arm-none-eabi/10.3.1/../../../../arm-none-eabi/lib/thumb/v7e-m+fp/hard\libc_nano.a(lib_a-nano-vfprintf_i.o)
                              c:/st/stm32cubeide_1.12.0/stm32cubeide/plugins/com.st.stm32cube.ide.mcu.externaltools.gnu-tools-for-stm32.10.3-2021.10.win32_1.0.200.202301161003/tools/bin/../lib/gcc/arm-none-eabi/10.3.1/../../../../arm-none-eabi/lib/thumb/v7e-m+fp/hard\libc_nano.a(lib_a-nano-vfprintf_float.o) (_printf_common)
c:/st/stm32cubeide_1.12.0/stm32cubeide/plugins/com.st.stm32cube.ide.mcu.externaltools.gnu-tools-for-stm32.10.3-2021.10.win32_1.0.200.202301161003/tools/bin/../lib/gcc/arm-none-eabi/10.3.1/../../../../arm-none-eabi/lib/thumb/v7e-m+fp/hard\libc_nano.a(lib_a-sprintf.o)
                              ./Src/ST7735.o (sprintf)
c:/st/stm32cubeide_1.12.0/stm32cubeide/plugins/com.st.stm32cube.ide.mcu.externaltools.gnu-tools-for-stm32.10.3-2021.10.win32_1.0.200.202301161003/tools/bin/../lib/gcc/arm-none-eabi/10.3.1/../../../../arm-none-eabi/lib/thumb/v7e-m+fp/hard\libc_nano.a(lib_a-strlen.o)
                              ./Src/ST7735.o (strlen)
[...]
Memory Configuration

Name             Origin             Length             Attributes
RAM              0x0000000020000000 0x0000000000018000 xrw
FLASH            0x0000000008000000 0x0000000000080000 xr
*default*        0x0000000000000000 0xffffffffffffffff

Linker script and memory map

LOAD c:/st/stm32cubeide_1.12.0/stm32cubeide/plugins/com.st.stm32cube.ide.mcu.externaltools.gnu-tools-for-stm32.10.3-2021.10.win32_1.0.200.202301161003/tools/bin/../lib/gcc/arm-none-eabi/10.3.1/thumb/v7e-m+fp/hard/crti.o
LOAD c:/st/stm32cubeide_1.12.0/stm32cubeide/plugins/com.st.stm32cube.ide.mcu.externaltools.gnu-tools-for-stm32.10.3-2021.10.win32_1.0.200.202301161003/tools/bin/../lib/gcc/arm-none-eabi/10.3.1/thumb/v7e-m+fp/hard/crtbegin.o
LOAD c:/st/stm32cubeide_1.12.0/stm32cubeide/plugins/com.st.stm32cube.ide.mcu.externaltools.gnu-tools-for-stm32.10.3-2021.10.win32_1.0.200.202301161003/tools/bin/../lib/gcc/arm-none-eabi/10.3.1/../../../../arm-none-eabi/lib/thumb/v7e-m+fp/hard/crt0.o
LOAD ./Src/RotaryPushButton.o
LOAD ./Src/ST7735.o
LOAD ./Src/graphics.o
LOAD ./Src/main.o
LOAD ./Src/regler.o
LOAD ./Startup/startup_stm32f401retx.o
LOAD D:\GITHUB\STM32\EDS_2024\MCAL\Debug\libMCAL.a
LOAD D:\GITHUB\STM32\EDS_2024\CMSIS\Debug\libCMSIS.a
START GROUP
LOAD c:/st/stm32cubeide_1.12.0/stm32cubeide/plugins/com.st.stm32cube.ide.mcu.externaltools.gnu-tools-for-stm32.10.3-2021.10.win32_1.0.200.202301161003/tools/bin/../lib/gcc/arm-none-eabi/10.3.1/../../../../arm-none-eabi/lib/thumb/v7e-m+fp/hard\libc_nano.a
LOAD c:/st/stm32cubeide_1.12.0/stm32cubeide/plugins/com.st.stm32cube.ide.mcu.externaltools.gnu-tools-for-stm32.10.3-2021.10.win32_1.0.200.202301161003/tools/bin/../lib/gcc/arm-none-eabi/10.3.1/../../../../arm-none-eabi/lib/thumb/v7e-m+fp/hard\libm.a
END GROUP
START GROUP
LOAD c:/st/stm32cubeide_1.12.0/stm32cubeide/plugins/com.st.stm32cube.ide.mcu.externaltools.gnu-tools-for-stm32.10.3-2021.10.win32_1.0.200.202301161003/tools/bin/../lib/gcc/arm-none-eabi/10.3.1/thumb/v7e-m+fp/hard\libgcc.a
LOAD c:/st/stm32cubeide_1.12.0/stm32cubeide/plugins/com.st.stm32cube.ide.mcu.externaltools.gnu-tools-for-stm32.10.3-2021.10.win32_1.0.200.202301161003/tools/bin/../lib/gcc/arm-none-eabi/10.3.1/../../../../arm-none-eabi/lib/thumb/v7e-m+fp/hard\libc_nano.a
END GROUP
START GROUP
LOAD c:/st/stm32cubeide_1.12.0/stm32cubeide/plugins/com.st.stm32cube.ide.mcu.externaltools.gnu-tools-for-stm32.10.3-2021.10.win32_1.0.200.202301161003/tools/bin/../lib/gcc/arm-none-eabi/10.3.1/thumb/v7e-m+fp/hard\libgcc.a
LOAD c:/st/stm32cubeide_1.12.0/stm32cubeide/plugins/com.st.stm32cube.ide.mcu.externaltools.gnu-tools-for-stm32.10.3-2021.10.win32_1.0.200.202301161003/tools/bin/../lib/gcc/arm-none-eabi/10.3.1/../../../../arm-none-eabi/lib/thumb/v7e-m+fp/hard\libc_nano.a
LOAD c:/st/stm32cubeide_1.12.0/stm32cubeide/plugins/com.st.stm32cube.ide.mcu.externaltools.gnu-tools-for-stm32.10.3-2021.10.win32_1.0.200.202301161003/tools/bin/../lib/gcc/arm-none-eabi/10.3.1/../../../../arm-none-eabi/lib/thumb/v7e-m+fp/hard\libnosys.a
END GROUP
START GROUP
LOAD c:/st/stm32cubeide_1.12.0/stm32cubeide/plugins/com.st.stm32cube.ide.mcu.externaltools.gnu-tools-for-stm32.10.3-2021.10.win32_1.0.200.202301161003/tools/bin/../lib/gcc/arm-none-eabi/10.3.1/thumb/v7e-m+fp/hard\libgcc.a
LOAD c:/st/stm32cubeide_1.12.0/stm32cubeide/plugins/com.st.stm32cube.ide.mcu.externaltools.gnu-tools-for-stm32.10.3-2021.10.win32_1.0.200.202301161003/tools/bin/../lib/gcc/arm-none-eabi/10.3.1/../../../../arm-none-eabi/lib/thumb/v7e-m+fp/hard\libc_nano.a
LOAD c:/st/stm32cubeide_1.12.0/stm32cubeide/plugins/com.st.stm32cube.ide.mcu.externaltools.gnu-tools-for-stm32.10.3-2021.10.win32_1.0.200.202301161003/tools/bin/../lib/gcc/arm-none-eabi/10.3.1/../../../../arm-none-eabi/lib/thumb/v7e-m+fp/hard\libnosys.a
END GROUP
LOAD c:/st/stm32cubeide_1.12.0/stm32cubeide/plugins/com.st.stm32cube.ide.mcu.externaltools.gnu-tools-for-stm32.10.3-2021.10.win32_1.0.200.202301161003/tools/bin/../lib/gcc/arm-none-eabi/10.3.1/thumb/v7e-m+fp/hard/crtend.o
LOAD c:/st/stm32cubeide_1.12.0/stm32cubeide/plugins/com.st.stm32cube.ide.mcu.externaltools.gnu-tools-for-stm32.10.3-2021.10.win32_1.0.200.202301161003/tools/bin/../lib/gcc/arm-none-eabi/10.3.1/thumb/v7e-m+fp/hard/crtn.o
                0x0000000020018000                _estack = (ORIGIN (RAM) + LENGTH (RAM))
                0x0000000000000200                _Min_Heap_Size = 0x200
                0x0000000000000400                _Min_Stack_Size = 0x400

.isr_vector     0x0000000008000000      0x194
                0x0000000008000000                . = ALIGN (0x4)
 *(.isr_vector)
 .isr_vector    0x0000000008000000      0x194 ./Startup/startup_stm32f401retx.o
                0x0000000008000000                g_pfnVectors
                0x0000000008000194                . = ALIGN (0x4)

.text           0x00000000080001a0     0x8044
                0x00000000080001a0                . = ALIGN (0x4)
 *(.text)
 .text          0x00000000080001a0       0x40 c:/st/stm32cubeide_1.12.0/stm32cubeide/plugins/com.st.stm32cube.ide.mcu.externaltools.gnu-tools-for-stm32.10.3-2021.10.win32_1.0.200.202301161003/tools/bin/../lib/gcc/arm-none-eabi/10.3.1/thumb/v7e-m+fp/hard/crtbegin.o
 .text          0x00000000080001e0       0x10 c:/st/stm32cubeide_1.12.0/stm32cubeide/plugins/com.st.stm32cube.ide.mcu.externaltools.gnu-tools-for-stm32.10.3-2021.10.win32_1.0.200.202301161003/tools/bin/../lib/gcc/arm-none-eabi/10.3.1/../../../../arm-none-eabi/lib/thumb/v7e-m+fp/hard\libc_nano.a(lib_a-strlen.o)
                0x00000000080001e0                strlen
 .text          0x00000000080001f0       0xa0 c:/st/stm32cubeide_1.12.0/stm32cubeide/plugins/com.st.stm32cube.ide.mcu.externaltools.gnu-tools-for-stm32.10.3-2021.10.win32_1.0.200.202301161003/tools/bin/../lib/gcc/arm-none-eabi/10.3.1/../../../../arm-none-eabi/lib/thumb/v7e-m+fp/hard\libc_nano.a(lib_a-memchr.o)
                0x00000000080001f0                memchr
 .text          0x0000000008000290      0x378 c:/st/stm32cubeide_1.12.0/stm32cubeide/plugins/com.st.stm32cube.ide.mcu.externaltools.gnu-tools-for-stm32.10.3-2021.10.win32_1.0.200.202301161003/tools/bin/../lib/gcc/arm-none-eabi/10.3.1/thumb/v7e-m+fp/hard\libgcc.a(_arm_addsubdf3.o)
                0x0000000008000290                __aeabi_drsub
                0x0000000008000298                __aeabi_dsub
                0x0000000008000298                __subdf3
                0x000000000800029c                __aeabi_dadd
                0x000000000800029c                __adddf3
                0x0000000008000514                __floatunsidf
                0x0000000008000514                __aeabi_ui2d
                0x0000000008000534                __floatsidf
                0x0000000008000534                __aeabi_i2d
                0x0000000008000558                __aeabi_f2d
                0x0000000008000558                __extendsfdf2
                0x000000000800059c                __floatundidf
                0x000000000800059c                __aeabi_ul2d
                0x00000000080005ac                __floatdidf
                0x00000000080005ac                __aeabi_l2d
 .text          0x0000000008000608      0x424 c:/st/stm32cubeide_1.12.0/stm32cubeide/plugins/com.st.stm32cube.ide.mcu.externaltools.gnu-tools-for-stm32.10.3-2021.10.win32_1.0.200.202301161003/tools/bin/../lib/gcc/arm-none-eabi/10.3.1/thumb/v7e-m+fp/hard\libgcc.a(_arm_muldivdf3.o)
                0x0000000008000608                __aeabi_dmul
                0x0000000008000608                __muldf3
                0x000000000800085c                __divdf3
                0x000000000800085c                __aeabi_ddiv
 .text          0x0000000008000a2c      0x110 c:/st/stm32cubeide_1.12.0/stm32cubeide/plugins/com.st.stm32cube.ide.mcu.externaltools.gnu-tools-for-stm32.10.3-2021.10.win32_1.0.200.202301161003/tools/bin/../lib/gcc/arm-none-eabi/10.3.1/thumb/v7e-m+fp/hard\libgcc.a(_arm_cmpdf2.o)
                0x0000000008000a2c                __gtdf2
                0x0000000008000a2c                __gedf2
                0x0000000008000a34                __ltdf2
                0x0000000008000a34                __ledf2
                0x0000000008000a3c                __nedf2
                0x0000000008000a3c                __eqdf2
                0x0000000008000a3c                __cmpdf2
                0x0000000008000ab8                __aeabi_cdrcmple
                0x0000000008000ac8                __aeabi_cdcmpeq
                0x0000000008000ac8                __aeabi_cdcmple
                0x0000000008000ad8                __aeabi_dcmpeq
                0x0000000008000aec                __aeabi_dcmplt
                0x0000000008000b00                __aeabi_dcmple
                0x0000000008000b14                __aeabi_dcmpge
                0x0000000008000b28                __aeabi_dcmpgt
 .text          0x0000000008000b3c       0x2c c:/st/stm32cubeide_1.12.0/stm32cubeide/plugins/com.st.stm32cube.ide.mcu.externaltools.gnu-tools-for-stm32.10.3-2021.10.win32_1.0.200.202301161003/tools/bin/../lib/gcc/arm-none-eabi/10.3.1/thumb/v7e-m+fp/hard\libgcc.a(_arm_unorddf2.o)
                0x0000000008000b3c                __unorddf2
                0x0000000008000b3c                __aeabi_dcmpun
 .text          0x0000000008000b68       0x50 c:/st/stm32cubeide_1.12.0/stm32cubeide/plugins/com.st.stm32cube.ide.mcu.externaltools.gnu-tools-for-stm32.10.3-2021.10.win32_1.0.200.202301161003/tools/bin/../lib/gcc/arm-none-eabi/10.3.1/thumb/v7e-m+fp/hard\libgcc.a(_arm_fixdfsi.o)
                0x0000000008000b68                __aeabi_d2iz
                0x0000000008000b68                __fixdfsi
 .text          0x0000000008000bb8       0x40 c:/st/stm32cubeide_1.12.0/stm32cubeide/plugins/com.st.stm32cube.ide.mcu.externaltools.gnu-tools-for-stm32.10.3-2021.10.win32_1.0.200.202301161003/tools/bin/../lib/gcc/arm-none-eabi/10.3.1/thumb/v7e-m+fp/hard\libgcc.a(_arm_fixunsdfsi.o)
                0x0000000008000bb8                __aeabi_d2uiz
                0x0000000008000bb8                __fixunsdfsi
 .text          0x0000000008000bf8       0x30 c:/st/stm32cubeide_1.12.0/stm32cubeide/plugins/com.st.stm32cube.ide.mcu.externaltools.gnu-tools-for-stm32.10.3-2021.10.win32_1.0.200.202301161003/tools/bin/../lib/gcc/arm-none-eabi/10.3.1/thumb/v7e-m+fp/hard\libgcc.a(_aeabi_uldivmod.o)
                0x0000000008000bf8                __aeabi_uldivmod
 .text          0x0000000008000c28      0x2d0 c:/st/stm32cubeide_1.12.0/stm32cubeide/plugins/com.st.stm32cube.ide.mcu.externaltools.gnu-tools-for-stm32.10.3-2021.10.win32_1.0.200.202301161003/tools/bin/../lib/gcc/arm-none-eabi/10.3.1/thumb/v7e-m+fp/hard\libgcc.a(_udivmoddi4.o)
                0x0000000008000c28                __udivmoddi4
 .text          0x0000000008000ef8        0x4 c:/st/stm32cubeide_1.12.0/stm32cubeide/plugins/com.st.stm32cube.ide.mcu.externaltools.gnu-tools-for-stm32.10.3-2021.10.win32_1.0.200.202301161003/tools/bin/../lib/gcc/arm-none-eabi/10.3.1/thumb/v7e-m+fp/hard\libgcc.a(_dvmd_tls.o)
                0x0000000008000ef8                __aeabi_idiv0
                0x0000000008000ef8                __aeabi_ldiv0
 *(.text*)
 .text.__NVIC_EnableIRQ
                0x0000000008000efc       0x3c ./Src/RotaryPushButton.o
 .text.initRotaryPushButton
                0x0000000008000f38      0x168 ./Src/RotaryPushButton.o
                0x0000000008000f38                initRotaryPushButton
 .text.initLED  0x00000000080010a0       0xa8 ./Src/RotaryPushButton.o
                0x00000000080010a0                initLED
 .text.setLED   0x0000000008001148      0x14c ./Src/RotaryPushButton.o
                0x0000000008001148                setLED
 .text.getRotaryPushButton
                0x0000000008001294       0x44 ./Src/RotaryPushButton.o
                0x0000000008001294                getRotaryPushButton
 .text.getRotaryPosition
                0x00000000080012d8       0x2c ./Src/RotaryPushButton.o
                0x00000000080012d8                getRotaryPosition
 .text.setRotaryPosition
                0x0000000008001304       0x38 ./Src/RotaryPushButton.o
                0x0000000008001304                setRotaryPosition
 .text.modifPositionCount
                0x000000000800133c       0x4c ./Src/RotaryPushButton.o
                0x000000000800133c                modifPositionCount
 .text.EXTI0_IRQHandler
                0x0000000008001388       0x28 ./Src/RotaryPushButton.o
                0x0000000008001388                EXTI0_IRQHandler
 .text.EXTI15_10_IRQHandler
                0x00000000080013b0       0x34 ./Src/RotaryPushButton.o
                0x00000000080013b0                EXTI15_10_IRQHandler
 .text._DC1     0x00000000080013e4       0x20 ./Src/ST7735.o
                0x00000000080013e4                _DC1
 .text._DC0     0x0000000008001404       0x20 ./Src/ST7735.o
                0x0000000008001404                _DC0
 .text._RST1    0x0000000008001424       0x20 ./Src/ST7735.o
                0x0000000008001424                _RST1
 .text._RST0    0x0000000008001444       0x20 ./Src/ST7735.o
                0x0000000008001444                _RST0
 .text._CS0     0x0000000008001464       0x20 ./Src/ST7735.o
                0x0000000008001464                _CS0
 .text.delayms  0x0000000008001484       0x1c ./Src/ST7735.o
                0x0000000008001484                delayms
 .text.tftSPISenddata
                0x00000000080014a0       0x30 ./Src/ST7735.o
                0x00000000080014a0                tftSPISenddata
 .text.tftSendCmd
                0x00000000080014d0       0x1e ./Src/ST7735.o
                0x00000000080014d0                tftSendCmd
 .text.tftSendData
                0x00000000080014ee       0x1e ./Src/ST7735.o
                0x00000000080014ee                tftSendData
 .text.IOspiInit
                0x000000000800150c      0x128 ./Src/ST7735.o
                0x000000000800150c                IOspiInit
 .text.commandList
                0x0000000008001634       0x90 ./Src/ST7735.o
 .text.commonInit
                0x00000000080016c4       0x2e ./Src/ST7735.o
 *fill*         0x00000000080016f2        0x2 
 .text.tftInitR
                0x00000000080016f4       0x70 ./Src/ST7735.o
                0x00000000080016f4                tftInitR
 .text.tftSetAddrWindow
                0x0000000008001764       0xa0 ./Src/ST7735.o
                0x0000000008001764                tftSetAddrWindow
 .text.tftPushColor
                0x0000000008001804       0x2e ./Src/ST7735.o
                0x0000000008001804                tftPushColor
 *fill*         0x0000000008001832        0x2 
 .text.tftDrawPixel
                0x0000000008001834       0x70 ./Src/ST7735.o
                0x0000000008001834                tftDrawPixel
 .text.tftFillRect
                0x00000000080018a4      0x104 ./Src/ST7735.o
                0x00000000080018a4                tftFillRect
 .text.tftDrawFastVLine
                0x00000000080019a8       0xb8 ./Src/ST7735.o
                0x00000000080019a8                tftDrawFastVLine
 .text.tftSetFont
                0x0000000008001a60       0x44 ./Src/ST7735.o
                0x0000000008001a60                tftSetFont
 .text.tftPrintChar
                0x0000000008001aa4      0x1f0 ./Src/ST7735.o
                0x0000000008001aa4                tftPrintChar
 *fill*         0x0000000008001c94        0x4 
 .text.tftRotateChar
                0x0000000008001c98      0x278 ./Src/ST7735.o
                0x0000000008001c98                tftRotateChar
 .text.tftPrint
                0x0000000008001f10      0x134 ./Src/ST7735.o
                0x0000000008001f10                tftPrint
 .text.tftPrintColor
                0x0000000008002044       0x38 ./Src/ST7735.o
                0x0000000008002044                tftPrintColor
 .text.tftFillScreen
                0x000000000800207c       0x34 ./Src/ST7735.o
                0x000000000800207c                tftFillScreen
 .text.tftSetRotation
                0x00000000080020b0       0xa0 ./Src/ST7735.o
                0x00000000080020b0                tftSetRotation
 .text.tftGetWidth
                0x0000000008002150       0x18 ./Src/ST7735.o
                0x0000000008002150                tftGetWidth
 .text.tftGetHeight
                0x0000000008002168       0x18 ./Src/ST7735.o
                0x0000000008002168                tftGetHeight
 .text.i2cActivate
                0x0000000008002180       0x78 ./Src/graphics.o
                0x0000000008002180                i2cActivate
 .text.ledActivate
                0x00000000080021f8       0x84 ./Src/graphics.o
                0x00000000080021f8                ledActivate
 .text.HWsetup  0x000000000800227c       0x10 ./Src/graphics.o
                0x000000000800227c                HWsetup
 .text.OSZIinit
                0x000000000800228c       0x56 ./Src/graphics.o
                0x000000000800228c                OSZIinit
 *fill*         0x00000000080022e2        0x2 
 .text.OSZIrun  0x00000000080022e4      0x200 ./Src/graphics.o
                0x00000000080022e4                OSZIrun
 *fill*         0x00000000080024e4        0x4 
 .text.main     0x00000000080024e8      0x320 ./Src/main.o
                0x00000000080024e8                main
 .text.PIDget   0x0000000008002808       0x16 ./Src/regler.o
                0x0000000008002808                PIDget
 .text.PIDclear
                0x000000000800281e       0x24 ./Src/regler.o
                0x000000000800281e                PIDclear
 .text.PIDset   0x0000000008002842       0x46 ./Src/regler.o
                0x0000000008002842                PIDset
 .text.PIDinit  0x0000000008002888       0x3e ./Src/regler.o
                0x0000000008002888                PIDinit
 .text.PIDrun   0x00000000080028c6       0xaa ./Src/regler.o
                0x00000000080028c6                PIDrun
 .text.Reset_Handler
                0x0000000008002970       0x50 ./Startup/startup_stm32f401retx.o
                0x0000000008002970                Reset_Handler
 .text.Default_Handler
                0x00000000080029c0        0x2 ./Startup/startup_stm32f401retx.o
                0x00000000080029c0                EXTI2_IRQHandler
                0x00000000080029c0                DebugMon_Handler
                0x00000000080029c0                SPI4_IRQHandler
                0x00000000080029c0                TIM1_CC_IRQHandler
                0x00000000080029c0                DMA2_Stream5_IRQHandler
                0x00000000080029c0                HardFault_Handler
                0x00000000080029c0                DMA1_Stream5_IRQHandler
                0x00000000080029c0                SDIO_IRQHandler
                0x00000000080029c0                TAMP_STAMP_IRQHandler
                0x00000000080029c0                PendSV_Handler
                0x00000000080029c0                NMI_Handler
                0x00000000080029c0                EXTI3_IRQHandler
                0x00000000080029c0                TIM1_UP_TIM10_IRQHandler
                0x00000000080029c0                I2C3_ER_IRQHandler
                0x00000000080029c0                EXTI18_OTG_FS_WKUP_IRQHandler
                0x00000000080029c0                I2C2_EV_IRQHandler
                0x00000000080029c0                DMA1_Stream2_IRQHandler
                0x00000000080029c0                UsageFault_Handler
                0x00000000080029c0                DMA2_Stream2_IRQHandler
                0x00000000080029c0                SPI1_IRQHandler
                0x00000000080029c0                TIM1_BRK_TIM9_IRQHandler
                0x00000000080029c0                DMA2_Stream3_IRQHandler
                0x00000000080029c0                USART6_IRQHandler
                0x00000000080029c0                DMA2_Stream0_IRQHandler
                0x00000000080029c0                TIM4_IRQHandler
                0x00000000080029c0                I2C1_EV_IRQHandler
                0x00000000080029c0                DMA1_Stream6_IRQHandler
                0x00000000080029c0                DMA1_Stream1_IRQHandler
                0x00000000080029c0                TIM3_IRQHandler
                0x00000000080029c0                RCC_IRQHandler
                0x00000000080029c0                Default_Handler
                0x00000000080029c0                ADC_IRQHandler
                0x00000000080029c0                DMA1_Stream7_IRQHandler
                0x00000000080029c0                TIM5_IRQHandler
                0x00000000080029c0                DMA2_Stream7_IRQHandler
                0x00000000080029c0                I2C3_EV_IRQHandler
                0x00000000080029c0                EXTI9_5_IRQHandler
                0x00000000080029c0                SPI2_IRQHandler
                0x00000000080029c0                MemManage_Handler
                0x00000000080029c0                DMA1_Stream0_IRQHandler
                0x00000000080029c0                SVC_Handler
                0x00000000080029c0                EXTI4_IRQHandler
                0x00000000080029c0                EXTI22_RTC_WKUP_IRQHandler
                0x00000000080029c0                TIM2_IRQHandler
                0x00000000080029c0                EXTI16_PVD_IRQHandler
                0x00000000080029c0                TIM1_TRG_COM_TIM11_IRQHandler
                0x00000000080029c0                EXTI1_IRQHandler
                0x00000000080029c0                EXTI17_RTC_Alarm_IRQHandler
                0x00000000080029c0                USART2_IRQHandler
                0x00000000080029c0                I2C2_ER_IRQHandler
                0x00000000080029c0                DMA2_Stream1_IRQHandler
                0x00000000080029c0                FLASH_IRQHandler
                0x00000000080029c0                DMA2_Stream4_IRQHandler
                0x00000000080029c0                BusFault_Handler
                0x00000000080029c0                USART1_IRQHandler
                0x00000000080029c0                OTG_FS_IRQHandler
                0x00000000080029c0                SPI3_IRQHandler
                0x00000000080029c0                DMA1_Stream4_IRQHandler
                0x00000000080029c0                I2C1_ER_IRQHandler
                0x00000000080029c0                DMA2_Stream6_IRQHandler
                0x00000000080029c0                DMA1_Stream3_IRQHandler
 .text.extiVerifyIrqNum
                0x00000000080029c2       0xa0 D:\GITHUB\STM32\EDS_2024\MCAL\Debug\libMCAL.a(mcalEXTI.o)
                0x00000000080029c2                extiVerifyIrqNum
 .text.extiVerifyTrigger
                0x0000000008002a62       0x2e D:\GITHUB\STM32\EDS_2024\MCAL\Debug\libMCAL.a(mcalEXTI.o)
                0x0000000008002a62                extiVerifyTrigger
 .text.extiInit
                0x0000000008002a90       0x38 D:\GITHUB\STM32\EDS_2024\MCAL\Debug\libMCAL.a(mcalEXTI.o)
                0x0000000008002a90                extiInit
 .text.extiConfigIrq
                0x0000000008002ac8      0x168 D:\GITHUB\STM32\EDS_2024\MCAL\Debug\libMCAL.a(mcalEXTI.o)
                0x0000000008002ac8                extiConfigIrq
 .text.extiEnableIrq
                0x0000000008002c30       0x44 D:\GITHUB\STM32\EDS_2024\MCAL\Debug\libMCAL.a(mcalEXTI.o)
                0x0000000008002c30                extiEnableIrq
 .text.extiSetTriggerEdge
                0x0000000008002c74       0xe0 D:\GITHUB\STM32\EDS_2024\MCAL\Debug\libMCAL.a(mcalEXTI.o)
                0x0000000008002c74                extiSetTriggerEdge
 .text.gpioVerifyPort
                0x0000000008002d54       0x64 D:\GITHUB\STM32\EDS_2024\MCAL\Debug\libMCAL.a(mcalGPIO.o)
                0x0000000008002d54                gpioVerifyPort
 .text.gpioVerifyPin
                0x0000000008002db8       0x7c D:\GITHUB\STM32\EDS_2024\MCAL\Debug\libMCAL.a(mcalGPIO.o)
                0x0000000008002db8                gpioVerifyPin
 .text.gpioVerifyAltFunc
                0x0000000008002e34       0x7c D:\GITHUB\STM32\EDS_2024\MCAL\Debug\libMCAL.a(mcalGPIO.o)
                0x0000000008002e34                gpioVerifyAltFunc
 .text.gpioVerifyPinMode
                0x0000000008002eb0       0x34 D:\GITHUB\STM32\EDS_2024\MCAL\Debug\libMCAL.a(mcalGPIO.o)
                0x0000000008002eb0                gpioVerifyPinMode
 .text.gpioVerifyOutputType
                0x0000000008002ee4       0x28 D:\GITHUB\STM32\EDS_2024\MCAL\Debug\libMCAL.a(mcalGPIO.o)
                0x0000000008002ee4                gpioVerifyOutputType
 .text.gpioVerifyPushPullMode
                0x0000000008002f0c       0x2e D:\GITHUB\STM32\EDS_2024\MCAL\Debug\libMCAL.a(mcalGPIO.o)
                0x0000000008002f0c                gpioVerifyPushPullMode
 *fill*         0x0000000008002f3a        0x2 
 .text.gpioInitPort
                0x0000000008002f3c       0xc4 D:\GITHUB\STM32\EDS_2024\MCAL\Debug\libMCAL.a(mcalGPIO.o)
                0x0000000008002f3c                gpioInitPort
 .text.gpioSelectPort
                0x0000000008003000       0xc8 D:\GITHUB\STM32\EDS_2024\MCAL\Debug\libMCAL.a(mcalGPIO.o)
                0x0000000008003000                gpioSelectPort
 .text.gpioSelectPinMode
                0x00000000080030c8       0x96 D:\GITHUB\STM32\EDS_2024\MCAL\Debug\libMCAL.a(mcalGPIO.o)
                0x00000000080030c8                gpioSelectPinMode
 .text.gpioSetPin
                0x000000000800315e       0x56 D:\GITHUB\STM32\EDS_2024\MCAL\Debug\libMCAL.a(mcalGPIO.o)
                0x000000000800315e                gpioSetPin
 .text.gpioResetPin
                0x00000000080031b4       0x58 D:\GITHUB\STM32\EDS_2024\MCAL\Debug\libMCAL.a(mcalGPIO.o)
                0x00000000080031b4                gpioResetPin
 .text.gpioSelectAltFunc
                0x000000000800320c       0xd2 D:\GITHUB\STM32\EDS_2024\MCAL\Debug\libMCAL.a(mcalGPIO.o)
                0x000000000800320c                gpioSelectAltFunc
 .text.gpioSetOutputType
                0x00000000080032de       0x92 D:\GITHUB\STM32\EDS_2024\MCAL\Debug\libMCAL.a(mcalGPIO.o)
                0x00000000080032de                gpioSetOutputType
 .text.gpioSelectPushPullMode
                0x0000000008003370       0xba D:\GITHUB\STM32\EDS_2024\MCAL\Debug\libMCAL.a(mcalGPIO.o)
                0x0000000008003370                gpioSelectPushPullMode
 .text.gpioGetPinState
                0x000000000800342a       0x38 D:\GITHUB\STM32\EDS_2024\MCAL\Debug\libMCAL.a(mcalGPIO.o)
                0x000000000800342a                gpioGetPinState
 .text.__i2c_start
                0x0000000008003462       0x30 D:\GITHUB\STM32\EDS_2024\MCAL\Debug\libMCAL.a(mcalI2C.o)
 .text.__i2c_dummy_read_SR1_SR2
                0x0000000008003492       0x3c D:\GITHUB\STM32\EDS_2024\MCAL\Debug\libMCAL.a(mcalI2C.o)
 .text.i2cVerifyDutyCycle
                0x00000000080034ce       0x28 D:\GITHUB\STM32\EDS_2024\MCAL\Debug\libMCAL.a(mcalI2C.o)
 *fill*         0x00000000080034f6        0x2 
 .text.i2cSelectI2C
                0x00000000080034f8       0x68 D:\GITHUB\STM32\EDS_2024\MCAL\Debug\libMCAL.a(mcalI2C.o)
                0x00000000080034f8                i2cSelectI2C
 .text.i2cSetClkSpd
                0x0000000008003560      0x108 D:\GITHUB\STM32\EDS_2024\MCAL\Debug\libMCAL.a(mcalI2C.o)
                0x0000000008003560                i2cSetClkSpd
 .text.i2cInitI2C
                0x0000000008003668       0x9c D:\GITHUB\STM32\EDS_2024\MCAL\Debug\libMCAL.a(mcalI2C.o)
                0x0000000008003668                i2cInitI2C
 .text.i2cEnableDevice
                0x0000000008003704       0x22 D:\GITHUB\STM32\EDS_2024\MCAL\Debug\libMCAL.a(mcalI2C.o)
                0x0000000008003704                i2cEnableDevice
 .text.i2cFindSlaveAddr
                0x0000000008003726       0x5c D:\GITHUB\STM32\EDS_2024\MCAL\Debug\libMCAL.a(mcalI2C.o)
                0x0000000008003726                i2cFindSlaveAddr
 *fill*         0x0000000008003782        0x2 
 .text.rccGetSysClock
                0x0000000008003784      0x20c D:\GITHUB\STM32\EDS_2024\MCAL\Debug\libMCAL.a(mcalRCC.o)
                0x0000000008003784                rccGetSysClock
 .text.rccGetHclkFreq
                0x0000000008003990       0x50 D:\GITHUB\STM32\EDS_2024\MCAL\Debug\libMCAL.a(mcalRCC.o)
                0x0000000008003990                rccGetHclkFreq
 .text.rccGetPclk1Freq
                0x00000000080039e0       0x44 D:\GITHUB\STM32\EDS_2024\MCAL\Debug\libMCAL.a(mcalRCC.o)
                0x00000000080039e0                rccGetPclk1Freq
 .text.__spi_Chk_TX_empty
                0x0000000008003a24       0x36 D:\GITHUB\STM32\EDS_2024\MCAL\Debug\libMCAL.a(mcalSPI.o)
 .text.__spi_Chk_notBSY
                0x0000000008003a5a       0x24 D:\GITHUB\STM32\EDS_2024\MCAL\Debug\libMCAL.a(mcalSPI.o)
 *fill*         0x0000000008003a7e        0x2 
 .text.spiVerifySPI
                0x0000000008003a80       0x4c D:\GITHUB\STM32\EDS_2024\MCAL\Debug\libMCAL.a(mcalSPI.o)
 .text.spiVerifyClkDivider
                0x0000000008003acc       0x4c D:\GITHUB\STM32\EDS_2024\MCAL\Debug\libMCAL.a(mcalSPI.o)
 .text.spiVerifySSM
                0x0000000008003b18       0x28 D:\GITHUB\STM32\EDS_2024\MCAL\Debug\libMCAL.a(mcalSPI.o)
 .text.spiVerifyOpMode
                0x0000000008003b40       0x28 D:\GITHUB\STM32\EDS_2024\MCAL\Debug\libMCAL.a(mcalSPI.o)
 .text.spiVerifyPhase
                0x0000000008003b68       0x28 D:\GITHUB\STM32\EDS_2024\MCAL\Debug\libMCAL.a(mcalSPI.o)
 .text.spiVerifyIdlePolarity
                0x0000000008003b90       0x28 D:\GITHUB\STM32\EDS_2024\MCAL\Debug\libMCAL.a(mcalSPI.o)
 .text.spiInitSPI
                0x0000000008003bb8      0x1dc D:\GITHUB\STM32\EDS_2024\MCAL\Debug\libMCAL.a(mcalSPI.o)
                0x0000000008003bb8                spiInitSPI
 .text.spiSelectSPI
                0x0000000008003d94       0x80 D:\GITHUB\STM32\EDS_2024\MCAL\Debug\libMCAL.a(mcalSPI.o)
                0x0000000008003d94                spiSelectSPI
 .text.spiEnableSPI
                0x0000000008003e14       0x36 D:\GITHUB\STM32\EDS_2024\MCAL\Debug\libMCAL.a(mcalSPI.o)
                0x0000000008003e14                spiEnableSPI
 .text.spiWriteByte
                0x0000000008003e4a       0x66 D:\GITHUB\STM32\EDS_2024\MCAL\Debug\libMCAL.a(mcalSPI.o)
                0x0000000008003e4a                spiWriteByte
 .text.__NVIC_SetPriority
                0x0000000008003eb0       0x54 D:\GITHUB\STM32\EDS_2024\MCAL\Debug\libMCAL.a(mcalSysTick.o)
 .text.SysTick_Config
                0x0000000008003f04       0x44 D:\GITHUB\STM32\EDS_2024\MCAL\Debug\libMCAL.a(mcalSysTick.o)
 .text.systickSetMillis
                0x0000000008003f48       0x1c D:\GITHUB\STM32\EDS_2024\MCAL\Debug\libMCAL.a(mcalSysTick.o)
                0x0000000008003f48                systickSetMillis
 .text.systickInit
                0x0000000008003f64       0x28 D:\GITHUB\STM32\EDS_2024\MCAL\Debug\libMCAL.a(mcalSysTick.o)
                0x0000000008003f64                systickInit
 .text.systickSetTicktime
                0x0000000008003f8c       0x1c D:\GITHUB\STM32\EDS_2024\MCAL\Debug\libMCAL.a(mcalSysTick.o)
                0x0000000008003f8c                systickSetTicktime
 .text.isSystickExpired
                0x0000000008003fa8       0x24 D:\GITHUB\STM32\EDS_2024\MCAL\Debug\libMCAL.a(mcalSysTick.o)
                0x0000000008003fa8                isSystickExpired
 .text.SysTick_Handler
                0x0000000008003fcc       0x18 D:\GITHUB\STM32\EDS_2024\MCAL\Debug\libMCAL.a(mcalSysTick.o)
                0x0000000008003fcc                SysTick_Handler
 .text.systickUpdateTimer
                0x0000000008003fe4       0x30 D:\GITHUB\STM32\EDS_2024\MCAL\Debug\libMCAL.a(mcalSysTick.o)
                0x0000000008003fe4                systickUpdateTimer
 .text.systickUpdateTimerList
                0x0000000008004014       0x54 D:\GITHUB\STM32\EDS_2024\MCAL\Debug\libMCAL.a(mcalSysTick.o)
                0x0000000008004014                systickUpdateTimerList
 .text.systickDelay
                0x0000000008004068       0x48 D:\GITHUB\STM32\EDS_2024\MCAL\Debug\libMCAL.a(mcalSysTick.o)
                0x0000000008004068                systickDelay
 .text.SystemInit
                0x00000000080040b0       0x24 D:\GITHUB\STM32\EDS_2024\CMSIS\Debug\libCMSIS.a(system_stm32f4xx.o)
                0x00000000080040b0                SystemInit
 .text.SystemCoreClockUpdate
                0x00000000080040d4      0x100 D:\GITHUB\STM32\EDS_2024\CMSIS\Debug\libCMSIS.a(system_stm32f4xx.o)
                0x00000000080040d4                SystemCoreClockUpdate
 .text.__libc_init_array
                0x00000000080041d4       0x48 c:/st/stm32cubeide_1.12.0/stm32cubeide/plugins/com.st.stm32cube.ide.mcu.externaltools.gnu-tools-for-stm32.10.3-2021.10.win32_1.0.200.202301161003/tools/bin/../lib/gcc/arm-none-eabi/10.3.1/../../../../arm-none-eabi/lib/thumb/v7e-m+fp/hard\libc_nano.a(lib_a-init.o)
                0x00000000080041d4                __libc_init_array
 .text.memset   0x000000000800421c       0x10 c:/st/stm32cubeide_1.12.0/stm32cubeide/plugins/com.st.stm32cube.ide.mcu.externaltools.gnu-tools-for-stm32.10.3-2021.10.win32_1.0.200.202301161003/tools/bin/../lib/gcc/arm-none-eabi/10.3.1/../../../../arm-none-eabi/lib/thumb/v7e-m+fp/hard\libc_nano.a(lib_a-memset.o)
                0x000000000800421c                memset
 .text.__cvt    0x000000000800422c       0xc4 c:/st/stm32cubeide_1.12.0/stm32cubeide/plugins/com.st.stm32cube.ide.mcu.externaltools.gnu-tools-for-stm32.10.3-2021.10.win32_1.0.200.202301161003/tools/bin/../lib/gcc/arm-none-eabi/10.3.1/../../../../arm-none-eabi/lib/thumb/v7e-m+fp/hard\libc_nano.a(lib_a-nano-vfprintf_float.o)
                0x000000000800422c                __cvt
 .text.__exponent
                0x00000000080042f0       0x7c c:/st/stm32cubeide_1.12.0/stm32cubeide/plugins/com.st.stm32cube.ide.mcu.externaltools.gnu-tools-for-stm32.10.3-2021.10.win32_1.0.200.202301161003/tools/bin/../lib/gcc/arm-none-eabi/10.3.1/../../../../arm-none-eabi/lib/thumb/v7e-m+fp/hard\libc_nano.a(lib_a-nano-vfprintf_float.o)
                0x00000000080042f0                __exponent
 .text._printf_float
                0x000000000800436c      0x46c c:/st/stm32cubeide_1.12.0/stm32cubeide/plugins/com.st.stm32cube.ide.mcu.externaltools.gnu-tools-for-stm32.10.3-2021.10.win32_1.0.200.202301161003/tools/bin/../lib/gcc/arm-none-eabi/10.3.1/../../../../arm-none-eabi/lib/thumb/v7e-m+fp/hard\libc_nano.a(lib_a-nano-vfprintf_float.o)
                0x000000000800436c                _printf_float
 .text._printf_common
                0x00000000080047d8       0xda c:/st/stm32cubeide_1.12.0/stm32cubeide/plugins/com.st.stm32cube.ide.mcu.externaltools.gnu-tools-for-stm32.10.3-2021.10.win32_1.0.200.202301161003/tools/bin/../lib/gcc/arm-none-eabi/10.3.1/../../../../arm-none-eabi/lib/thumb/v7e-m+fp/hard\libc_nano.a(lib_a-nano-vfprintf_i.o)
                0x00000000080047d8                _printf_common
 *fill*         0x00000000080048b2        0x2 
 .text._printf_i
                0x00000000080048b4      0x24c c:/st/stm32cubeide_1.12.0/stm32cubeide/plugins/com.st.stm32cube.ide.mcu.externaltools.gnu-tools-for-stm32.10.3-2021.10.win32_1.0.200.202301161003/tools/bin/../lib/gcc/arm-none-eabi/10.3.1/../../../../arm-none-eabi/lib/thumb/v7e-m+fp/hard\libc_nano.a(lib_a-nano-vfprintf_i.o)
                0x00000000080048b4                _printf_i
 .text.sprintf  0x0000000008004b00       0x40 c:/st/stm32cubeide_1.12.0/stm32cubeide/plugins/com.st.stm32cube.ide.mcu.externaltools.gnu-tools-for-stm32.10.3-2021.10.win32_1.0.200.202301161003/tools/bin/../lib/gcc/arm-none-eabi/10.3.1/../../../../arm-none-eabi/lib/thumb/v7e-m+fp/hard\libc_nano.a(lib_a-sprintf.o)
                0x0000000008004b00                siprintf
                0x0000000008004b00                sprintf
 .text.quorem   0x0000000008004b40      0x116 c:/st/stm32cubeide_1.12.0/stm32cubeide/plugins/com.st.stm32cube.ide.mcu.externaltools.gnu-tools-for-stm32.10.3-2021.10.win32_1.0.200.202301161003/tools/bin/../lib/gcc/arm-none-eabi/10.3.1/../../../../arm-none-eabi/lib/thumb/v7e-m+fp/hard\libc_nano.a(lib_a-dtoa.o)
 *fill*         0x0000000008004c56        0x2 
 .text._dtoa_r  0x0000000008004c58      0xbdc c:/st/stm32cubeide_1.12.0/stm32cubeide/plugins/com.st.stm32cube.ide.mcu.externaltools.gnu-tools-for-stm32.10.3-2021.10.win32_1.0.200.202301161003/tools/bin/../lib/gcc/arm-none-eabi/10.3.1/../../../../arm-none-eabi/lib/thumb/v7e-m+fp/hard\libc_nano.a(lib_a-dtoa.o)
                0x0000000008004c58                _dtoa_r
 .text._localeconv_r
                0x0000000008005834        0x8 c:/st/stm32cubeide_1.12.0/stm32cubeide/plugins/com.st.stm32cube.ide.mcu.externaltools.gnu-tools-for-stm32.10.3-2021.10.win32_1.0.200.202301161003/tools/bin/../lib/gcc/arm-none-eabi/10.3.1/../../../../arm-none-eabi/lib/thumb/v7e-m+fp/hard\libc_nano.a(lib_a-localeconv.o)
                0x0000000008005834                _localeconv_r
 .text.malloc   0x000000000800583c       0x10 c:/st/stm32cubeide_1.12.0/stm32cubeide/plugins/com.st.stm32cube.ide.mcu.externaltools.gnu-tools-for-stm32.10.3-2021.10.win32_1.0.200.202301161003/tools/bin/../lib/gcc/arm-none-eabi/10.3.1/../../../../arm-none-eabi/lib/thumb/v7e-m+fp/hard\libc_nano.a(lib_a-malloc.o)
                0x000000000800583c                malloc
 .text.memcpy   0x000000000800584c       0x1c c:/st/stm32cubeide_1.12.0/stm32cubeide/plugins/com.st.stm32cube.ide.mcu.externaltools.gnu-tools-for-stm32.10.3-2021.10.win32_1.0.200.202301161003/tools/bin/../lib/gcc/arm-none-eabi/10.3.1/../../../../arm-none-eabi/lib/thumb/v7e-m+fp/hard\libc_nano.a(lib_a-memcpy-stub.o)
                0x000000000800584c                memcpy
 .text._Balloc  0x0000000008005868       0x80 c:/st/stm32cubeide_1.12.0/stm32cubeide/plugins/com.st.stm32cube.ide.mcu.externaltools.gnu-tools-for-stm32.10.3-2021.10.win32_1.0.200.202301161003/tools/bin/../lib/gcc/arm-none-eabi/10.3.1/../../../../arm-none-eabi/lib/thumb/v7e-m+fp/hard\libc_nano.a(lib_a-mprec.o)
                0x0000000008005868                _Balloc
 .text._Bfree   0x00000000080058e8       0x44 c:/st/stm32cubeide_1.12.0/stm32cubeide/plugins/com.st.stm32cube.ide.mcu.externaltools.gnu-tools-for-stm32.10.3-2021.10.win32_1.0.200.202301161003/tools/bin/../lib/gcc/arm-none-eabi/10.3.1/../../../../arm-none-eabi/lib/thumb/v7e-m+fp/hard\libc_nano.a(lib_a-mprec.o)
                0x00000000080058e8                _Bfree
 .text.__multadd
                0x000000000800592c       0x8c c:/st/stm32cubeide_1.12.0/stm32cubeide/plugins/com.st.stm32cube.ide.mcu.externaltools.gnu-tools-for-stm32.10.3-2021.10.win32_1.0.200.202301161003/tools/bin/../lib/gcc/arm-none-eabi/10.3.1/../../../../arm-none-eabi/lib/thumb/v7e-m+fp/hard\libc_nano.a(lib_a-mprec.o)
                0x000000000800592c                __multadd
 .text.__hi0bits
                0x00000000080059b8       0x40 c:/st/stm32cubeide_1.12.0/stm32cubeide/plugins/com.st.stm32cube.ide.mcu.externaltools.gnu-tools-for-stm32.10.3-2021.10.win32_1.0.200.202301161003/tools/bin/../lib/gcc/arm-none-eabi/10.3.1/../../../../arm-none-eabi/lib/thumb/v7e-m+fp/hard\libc_nano.a(lib_a-mprec.o)
                0x00000000080059b8                __hi0bits
 .text.__lo0bits
                0x00000000080059f8       0x5e c:/st/stm32cubeide_1.12.0/stm32cubeide/plugins/com.st.stm32cube.ide.mcu.externaltools.gnu-tools-for-stm32.10.3-2021.10.win32_1.0.200.202301161003/tools/bin/../lib/gcc/arm-none-eabi/10.3.1/../../../../arm-none-eabi/lib/thumb/v7e-m+fp/hard\libc_nano.a(lib_a-mprec.o)
                0x00000000080059f8                __lo0bits
 *fill*         0x0000000008005a56        0x2 
 .text.__i2b    0x0000000008005a58       0x2c c:/st/stm32cubeide_1.12.0/stm32cubeide/plugins/com.st.stm32cube.ide.mcu.externaltools.gnu-tools-for-stm32.10.3-2021.10.win32_1.0.200.202301161003/tools/bin/../lib/gcc/arm-none-eabi/10.3.1/../../../../arm-none-eabi/lib/thumb/v7e-m+fp/hard\libc_nano.a(lib_a-mprec.o)
                0x0000000008005a58                __i2b
 .text.__multiply
                0x0000000008005a84      0x154 c:/st/stm32cubeide_1.12.0/stm32cubeide/plugins/com.st.stm32cube.ide.mcu.externaltools.gnu-tools-for-stm32.10.3-2021.10.win32_1.0.200.202301161003/tools/bin/../lib/gcc/arm-none-eabi/10.3.1/../../../../arm-none-eabi/lib/thumb/v7e-m+fp/hard\libc_nano.a(lib_a-mprec.o)
                0x0000000008005a84                __multiply
 .text.__pow5mult
                0x0000000008005bd8       0xb4 c:/st/stm32cubeide_1.12.0/stm32cubeide/plugins/com.st.stm32cube.ide.mcu.externaltools.gnu-tools-for-stm32.10.3-2021.10.win32_1.0.200.202301161003/tools/bin/../lib/gcc/arm-none-eabi/10.3.1/../../../../arm-none-eabi/lib/thumb/v7e-m+fp/hard\libc_nano.a(lib_a-mprec.o)
                0x0000000008005bd8                __pow5mult
 .text.__lshift
                0x0000000008005c8c       0xe0 c:/st/stm32cubeide_1.12.0/stm32cubeide/plugins/com.st.stm32cube.ide.mcu.externaltools.gnu-tools-for-stm32.10.3-2021.10.win32_1.0.200.202301161003/tools/bin/../lib/gcc/arm-none-eabi/10.3.1/../../../../arm-none-eabi/lib/thumb/v7e-m+fp/hard\libc_nano.a(lib_a-mprec.o)
                0x0000000008005c8c                __lshift
 .text.__mcmp   0x0000000008005d6c       0x38 c:/st/stm32cubeide_1.12.0/stm32cubeide/plugins/com.st.stm32cube.ide.mcu.externaltools.gnu-tools-for-stm32.10.3-2021.10.win32_1.0.200.202301161003/tools/bin/../lib/gcc/arm-none-eabi/10.3.1/../../../../arm-none-eabi/lib/thumb/v7e-m+fp/hard\libc_nano.a(lib_a-mprec.o)
                0x0000000008005d6c                __mcmp
 .text.__mdiff  0x0000000008005da4      0x114 c:/st/stm32cubeide_1.12.0/stm32cubeide/plugins/com.st.stm32cube.ide.mcu.externaltools.gnu-tools-for-stm32.10.3-2021.10.win32_1.0.200.202301161003/tools/bin/../lib/gcc/arm-none-eabi/10.3.1/../../../../arm-none-eabi/lib/thumb/v7e-m+fp/hard\libc_nano.a(lib_a-mprec.o)
                0x0000000008005da4                __mdiff
 .text.__d2b    0x0000000008005eb8       0xb8 c:/st/stm32cubeide_1.12.0/stm32cubeide/plugins/com.st.stm32cube.ide.mcu.externaltools.gnu-tools-for-stm32.10.3-2021.10.win32_1.0.200.202301161003/tools/bin/../lib/gcc/arm-none-eabi/10.3.1/../../../../arm-none-eabi/lib/thumb/v7e-m+fp/hard\libc_nano.a(lib_a-mprec.o)
                0x0000000008005eb8                __d2b
 .text._calloc_r
                0x0000000008005f70       0x2c c:/st/stm32cubeide_1.12.0/stm32cubeide/plugins/com.st.stm32cube.ide.mcu.externaltools.gnu-tools-for-stm32.10.3-2021.10.win32_1.0.200.202301161003/tools/bin/../lib/gcc/arm-none-eabi/10.3.1/../../../../arm-none-eabi/lib/thumb/v7e-m+fp/hard\libc_nano.a(lib_a-nano-callocr.o)
                0x0000000008005f70                _calloc_r
 .text._free_r  0x0000000008005f9c       0x98 c:/st/stm32cubeide_1.12.0/stm32cubeide/plugins/com.st.stm32cube.ide.mcu.externaltools.gnu-tools-for-stm32.10.3-2021.10.win32_1.0.200.202301161003/tools/bin/../lib/gcc/arm-none-eabi/10.3.1/../../../../arm-none-eabi/lib/thumb/v7e-m+fp/hard\libc_nano.a(lib_a-nano-freer.o)
                0x0000000008005f9c                _free_r
 .text.sbrk_aligned
                0x0000000008006034       0x40 c:/st/stm32cubeide_1.12.0/stm32cubeide/plugins/com.st.stm32cube.ide.mcu.externaltools.gnu-tools-for-stm32.10.3-2021.10.win32_1.0.200.202301161003/tools/bin/../lib/gcc/arm-none-eabi/10.3.1/../../../../arm-none-eabi/lib/thumb/v7e-m+fp/hard\libc_nano.a(lib_a-nano-mallocr.o)
 .text._malloc_r
                0x0000000008006074       0xe8 c:/st/stm32cubeide_1.12.0/stm32cubeide/plugins/com.st.stm32cube.ide.mcu.externaltools.gnu-tools-for-stm32.10.3-2021.10.win32_1.0.200.202301161003/tools/bin/../lib/gcc/arm-none-eabi/10.3.1/../../../../arm-none-eabi/lib/thumb/v7e-m+fp/hard\libc_nano.a(lib_a-nano-mallocr.o)
                0x0000000008006074                _malloc_r
 .text.__ssputs_r
                0x000000000800615c       0xb6 c:/st/stm32cubeide_1.12.0/stm32cubeide/plugins/com.st.stm32cube.ide.mcu.externaltools.gnu-tools-for-stm32.10.3-2021.10.win32_1.0.200.202301161003/tools/bin/../lib/gcc/arm-none-eabi/10.3.1/../../../../arm-none-eabi/lib/thumb/v7e-m+fp/hard\libc_nano.a(lib_a-nano-svfprintf.o)
                0x000000000800615c                __ssputs_r
 *fill*         0x0000000008006212        0x2 
 .text._svfprintf_r
                0x0000000008006214      0x200 c:/st/stm32cubeide_1.12.0/stm32cubeide/plugins/com.st.stm32cube.ide.mcu.externaltools.gnu-tools-for-stm32.10.3-2021.10.win32_1.0.200.202301161003/tools/bin/../lib/gcc/arm-none-eabi/10.3.1/../../../../arm-none-eabi/lib/thumb/v7e-m+fp/hard\libc_nano.a(lib_a-nano-svfprintf.o)
                0x0000000008006214                _svfiprintf_r
                0x0000000008006214                _svfprintf_r
 .text._sbrk_r  0x0000000008006414       0x20 c:/st/stm32cubeide_1.12.0/stm32cubeide/plugins/com.st.stm32cube.ide.mcu.externaltools.gnu-tools-for-stm32.10.3-2021.10.win32_1.0.200.202301161003/tools/bin/../lib/gcc/arm-none-eabi/10.3.1/../../../../arm-none-eabi/lib/thumb/v7e-m+fp/hard\libc_nano.a(lib_a-sbrkr.o)
                0x0000000008006414                _sbrk_r
 .text.__assert_func
                0x0000000008006434       0x3c c:/st/stm32cubeide_1.12.0/stm32cubeide/plugins/com.st.stm32cube.ide.mcu.externaltools.gnu-tools-for-stm32.10.3-2021.10.win32_1.0.200.202301161003/tools/bin/../lib/gcc/arm-none-eabi/10.3.1/../../../../arm-none-eabi/lib/thumb/v7e-m+fp/hard\libc_nano.a(lib_a-assert.o)
                0x0000000008006434                __assert_func
 .text.fprintf  0x0000000008006470       0x24 c:/st/stm32cubeide_1.12.0/stm32cubeide/plugins/com.st.stm32cube.ide.mcu.externaltools.gnu-tools-for-stm32.10.3-2021.10.win32_1.0.200.202301161003/tools/bin/../lib/gcc/arm-none-eabi/10.3.1/../../../../arm-none-eabi/lib/thumb/v7e-m+fp/hard\libc_nano.a(lib_a-fprintf.o)
                0x0000000008006470                fiprintf
                0x0000000008006470                fprintf
 .text.__ascii_mbtowc
                0x0000000008006494       0x24 c:/st/stm32cubeide_1.12.0/stm32cubeide/plugins/com.st.stm32cube.ide.mcu.externaltools.gnu-tools-for-stm32.10.3-2021.10.win32_1.0.200.202301161003/tools/bin/../lib/gcc/arm-none-eabi/10.3.1/../../../../arm-none-eabi/lib/thumb/v7e-m+fp/hard\libc_nano.a(lib_a-mbtowc_r.o)
                0x0000000008006494                __ascii_mbtowc
 .text.memmove  0x00000000080064b8       0x34 c:/st/stm32cubeide_1.12.0/stm32cubeide/plugins/com.st.stm32cube.ide.mcu.externaltools.gnu-tools-for-stm32.10.3-2021.10.win32_1.0.200.202301161003/tools/bin/../lib/gcc/arm-none-eabi/10.3.1/../../../../arm-none-eabi/lib/thumb/v7e-m+fp/hard\libc_nano.a(lib_a-memmove.o)
                0x00000000080064b8                memmove
 .text.__malloc_lock
                0x00000000080064ec        0xc c:/st/stm32cubeide_1.12.0/stm32cubeide/plugins/com.st.stm32cube.ide.mcu.externaltools.gnu-tools-for-stm32.10.3-2021.10.win32_1.0.200.202301161003/tools/bin/../lib/gcc/arm-none-eabi/10.3.1/../../../../arm-none-eabi/lib/thumb/v7e-m+fp/hard\libc_nano.a(lib_a-mlock.o)
                0x00000000080064ec                __malloc_lock
 .text.__malloc_unlock
                0x00000000080064f8        0xc c:/st/stm32cubeide_1.12.0/stm32cubeide/plugins/com.st.stm32cube.ide.mcu.externaltools.gnu-tools-for-stm32.10.3-2021.10.win32_1.0.200.202301161003/tools/bin/../lib/gcc/arm-none-eabi/10.3.1/../../../../arm-none-eabi/lib/thumb/v7e-m+fp/hard\libc_nano.a(lib_a-mlock.o)
                0x00000000080064f8                __malloc_unlock
 .text._realloc_r
                0x0000000008006504       0x5e c:/st/stm32cubeide_1.12.0/stm32cubeide/plugins/com.st.stm32cube.ide.mcu.externaltools.gnu-tools-for-stm32.10.3-2021.10.win32_1.0.200.202301161003/tools/bin/../lib/gcc/arm-none-eabi/10.3.1/../../../../arm-none-eabi/lib/thumb/v7e-m+fp/hard\libc_nano.a(lib_a-nano-reallocr.o)
                0x0000000008006504                _realloc_r
 .text.__sfputc_r
                0x0000000008006562       0x2e c:/st/stm32cubeide_1.12.0/stm32cubeide/plugins/com.st.stm32cube.ide.mcu.externaltools.gnu-tools-for-stm32.10.3-2021.10.win32_1.0.200.202301161003/tools/bin/../lib/gcc/arm-none-eabi/10.3.1/../../../../arm-none-eabi/lib/thumb/v7e-m+fp/hard\libc_nano.a(lib_a-nano-vfprintf.o)
 .text.__sfputs_r
                0x0000000008006590       0x24 c:/st/stm32cubeide_1.12.0/stm32cubeide/plugins/com.st.stm32cube.ide.mcu.externaltools.gnu-tools-for-stm32.10.3-2021.10.win32_1.0.200.202301161003/tools/bin/../lib/gcc/arm-none-eabi/10.3.1/../../../../arm-none-eabi/lib/thumb/v7e-m+fp/hard\libc_nano.a(lib_a-nano-vfprintf.o)
                0x0000000008006590                __sfputs_r
 .text._vfprintf_r
                0x00000000080065b4      0x260 c:/st/stm32cubeide_1.12.0/stm32cubeide/plugins/com.st.stm32cube.ide.mcu.externaltools.gnu-tools-for-stm32.10.3-2021.10.win32_1.0.200.202301161003/tools/bin/../lib/gcc/arm-none-eabi/10.3.1/../../../../arm-none-eabi/lib/thumb/v7e-m+fp/hard\libc_nano.a(lib_a-nano-vfprintf.o)
                0x00000000080065b4                _vfprintf_r
                0x00000000080065b4                _vfiprintf_r
 .text.__swbuf_r
                0x0000000008006814       0xa4 c:/st/stm32cubeide_1.12.0/stm32cubeide/plugins/com.st.stm32cube.ide.mcu.externaltools.gnu-tools-for-stm32.10.3-2021.10.win32_1.0.200.202301161003/tools/bin/../lib/gcc/arm-none-eabi/10.3.1/../../../../arm-none-eabi/lib/thumb/v7e-m+fp/hard\libc_nano.a(lib_a-wbuf.o)
                0x0000000008006814                __swbuf_r
 .text.__ascii_wctomb
                0x00000000080068b8       0x1a c:/st/stm32cubeide_1.12.0/stm32cubeide/plugins/com.st.stm32cube.ide.mcu.externaltools.gnu-tools-for-stm32.10.3-2021.10.win32_1.0.200.202301161003/tools/bin/../lib/gcc/arm-none-eabi/10.3.1/../../../../arm-none-eabi/lib/thumb/v7e-m+fp/hard\libc_nano.a(lib_a-wctomb_r.o)
                0x00000000080068b8                __ascii_wctomb
 *fill*         0x00000000080068d2        0x2 
 .text.__swsetup_r
                0x00000000080068d4       0xdc c:/st/stm32cubeide_1.12.0/stm32cubeide/plugins/com.st.stm32cube.ide.mcu.externaltools.gnu-tools-for-stm32.10.3-2021.10.win32_1.0.200.202301161003/tools/bin/../lib/gcc/arm-none-eabi/10.3.1/../../../../arm-none-eabi/lib/thumb/v7e-m+fp/hard\libc_nano.a(lib_a-wsetup.o)
                0x00000000080068d4                __swsetup_r
 .text.abort    0x00000000080069b0        0xe c:/st/stm32cubeide_1.12.0/stm32cubeide/plugins/com.st.stm32cube.ide.mcu.externaltools.gnu-tools-for-stm32.10.3-2021.10.win32_1.0.200.202301161003/tools/bin/../lib/gcc/arm-none-eabi/10.3.1/../../../../arm-none-eabi/lib/thumb/v7e-m+fp/hard\libc_nano.a(lib_a-abort.o)
                0x00000000080069b0                abort
 *fill*         0x00000000080069be        0x2 
 .text.__sflush_r
                0x00000000080069c0      0x10c c:/st/stm32cubeide_1.12.0/stm32cubeide/plugins/com.st.stm32cube.ide.mcu.externaltools.gnu-tools-for-stm32.10.3-2021.10.win32_1.0.200.202301161003/tools/bin/../lib/gcc/arm-none-eabi/10.3.1/../../../../arm-none-eabi/lib/thumb/v7e-m+fp/hard\libc_nano.a(lib_a-fflush.o)
                0x00000000080069c0                __sflush_r
 .text._fflush_r
                0x0000000008006acc       0x78 c:/st/stm32cubeide_1.12.0/stm32cubeide/plugins/com.st.stm32cube.ide.mcu.externaltools.gnu-tools-for-stm32.10.3-2021.10.win32_1.0.200.202301161003/tools/bin/../lib/gcc/arm-none-eabi/10.3.1/../../../../arm-none-eabi/lib/thumb/v7e-m+fp/hard\libc_nano.a(lib_a-fflush.o)
                0x0000000008006acc                _fflush_r
 .text.std      0x0000000008006b44       0x48 c:/st/stm32cubeide_1.12.0/stm32cubeide/plugins/com.st.stm32cube.ide.mcu.externaltools.gnu-tools-for-stm32.10.3-2021.10.win32_1.0.200.202301161003/tools/bin/../lib/gcc/arm-none-eabi/10.3.1/../../../../arm-none-eabi/lib/thumb/v7e-m+fp/hard\libc_nano.a(lib_a-findfp.o)
 .text._cleanup_r
                0x0000000008006b8c        0xc c:/st/stm32cubeide_1.12.0/stm32cubeide/plugins/com.st.stm32cube.ide.mcu.externaltools.gnu-tools-for-stm32.10.3-2021.10.win32_1.0.200.202301161003/tools/bin/../lib/gcc/arm-none-eabi/10.3.1/../../../../arm-none-eabi/lib/thumb/v7e-m+fp/hard\libc_nano.a(lib_a-findfp.o)
                0x0000000008006b8c                _cleanup_r
 .text.__sfmoreglue
                0x0000000008006b98       0x2c c:/st/stm32cubeide_1.12.0/stm32cubeide/plugins/com.st.stm32cube.ide.mcu.externaltools.gnu-tools-for-stm32.10.3-2021.10.win32_1.0.200.202301161003/tools/bin/../lib/gcc/arm-none-eabi/10.3.1/../../../../arm-none-eabi/lib/thumb/v7e-m+fp/hard\libc_nano.a(lib_a-findfp.o)
                0x0000000008006b98                __sfmoreglue
 .text.__sfp_lock_acquire
                0x0000000008006bc4        0xc c:/st/stm32cubeide_1.12.0/stm32cubeide/plugins/com.st.stm32cube.ide.mcu.externaltools.gnu-tools-for-stm32.10.3-2021.10.win32_1.0.200.202301161003/tools/bin/../lib/gcc/arm-none-eabi/10.3.1/../../../../arm-none-eabi/lib/thumb/v7e-m+fp/hard\libc_nano.a(lib_a-findfp.o)
                0x0000000008006bc4                __sfp_lock_acquire
 .text.__sfp_lock_release
                0x0000000008006bd0        0xc c:/st/stm32cubeide_1.12.0/stm32cubeide/plugins/com.st.stm32cube.ide.mcu.externaltools.gnu-tools-for-stm32.10.3-2021.10.win32_1.0.200.202301161003/tools/bin/../lib/gcc/arm-none-eabi/10.3.1/../../../../arm-none-eabi/lib/thumb/v7e-m+fp/hard\libc_nano.a(lib_a-findfp.o)
                0x0000000008006bd0                __sfp_lock_release
 .text.__sinit_lock_acquire
                0x0000000008006bdc        0xc c:/st/stm32cubeide_1.12.0/stm32cubeide/plugins/com.st.stm32cube.ide.mcu.externaltools.gnu-tools-for-stm32.10.3-2021.10.win32_1.0.200.202301161003/tools/bin/../lib/gcc/arm-none-eabi/10.3.1/../../../../arm-none-eabi/lib/thumb/v7e-m+fp/hard\libc_nano.a(lib_a-findfp.o)
                0x0000000008006bdc                __sinit_lock_acquire
 .text.__sinit_lock_release
                0x0000000008006be8        0xc c:/st/stm32cubeide_1.12.0/stm32cubeide/plugins/com.st.stm32cube.ide.mcu.externaltools.gnu-tools-for-stm32.10.3-2021.10.win32_1.0.200.202301161003/tools/bin/../lib/gcc/arm-none-eabi/10.3.1/../../../../arm-none-eabi/lib/thumb/v7e-m+fp/hard\libc_nano.a(lib_a-findfp.o)
                0x0000000008006be8                __sinit_lock_release
 .text.__sinit  0x0000000008006bf4       0x70 c:/st/stm32cubeide_1.12.0/stm32cubeide/plugins/com.st.stm32cube.ide.mcu.externaltools.gnu-tools-for-stm32.10.3-2021.10.win32_1.0.200.202301161003/tools/bin/../lib/gcc/arm-none-eabi/10.3.1/../../../../arm-none-eabi/lib/thumb/v7e-m+fp/hard\libc_nano.a(lib_a-findfp.o)
                0x0000000008006bf4                __sinit
 .text.__sfp    0x0000000008006c64       0x8c c:/st/stm32cubeide_1.12.0/stm32cubeide/plugins/com.st.stm32cube.ide.mcu.externaltools.gnu-tools-for-stm32.10.3-2021.10.win32_1.0.200.202301161003/tools/bin/../lib/gcc/arm-none-eabi/10.3.1/../../../../arm-none-eabi/lib/thumb/v7e-m+fp/hard\libc_nano.a(lib_a-findfp.o)
                0x0000000008006c64                __sfp
 .text._fwalk_reent
                0x0000000008006cf0       0x3e c:/st/stm32cubeide_1.12.0/stm32cubeide/plugins/com.st.stm32cube.ide.mcu.externaltools.gnu-tools-for-stm32.10.3-2021.10.win32_1.0.200.202301161003/tools/bin/../lib/gcc/arm-none-eabi/10.3.1/../../../../arm-none-eabi/lib/thumb/v7e-m+fp/hard\libc_nano.a(lib_a-fwalk.o)
                0x0000000008006cf0                _fwalk_reent
 .text.__retarget_lock_init_recursive
                0x0000000008006d2e        0x2 c:/st/stm32cubeide_1.12.0/stm32cubeide/plugins/com.st.stm32cube.ide.mcu.externaltools.gnu-tools-for-stm32.10.3-2021.10.win32_1.0.200.202301161003/tools/bin/../lib/gcc/arm-none-eabi/10.3.1/../../../../arm-none-eabi/lib/thumb/v7e-m+fp/hard\libc_nano.a(lib_a-lock.o)
                0x0000000008006d2e                __retarget_lock_init_recursive
 .text.__retarget_lock_acquire_recursive
                0x0000000008006d30        0x2 c:/st/stm32cubeide_1.12.0/stm32cubeide/plugins/com.st.stm32cube.ide.mcu.externaltools.gnu-tools-for-stm32.10.3-2021.10.win32_1.0.200.202301161003/tools/bin/../lib/gcc/arm-none-eabi/10.3.1/../../../../arm-none-eabi/lib/thumb/v7e-m+fp/hard\libc_nano.a(lib_a-lock.o)
                0x0000000008006d30                __retarget_lock_acquire_recursive
 .text.__retarget_lock_release_recursive
                0x0000000008006d32        0x2 c:/st/stm32cubeide_1.12.0/stm32cubeide/plugins/com.st.stm32cube.ide.mcu.externaltools.gnu-tools-for-stm32.10.3-2021.10.win32_1.0.200.202301161003/tools/bin/../lib/gcc/arm-none-eabi/10.3.1/../../../../arm-none-eabi/lib/thumb/v7e-m+fp/hard\libc_nano.a(lib_a-lock.o)
                0x0000000008006d32                __retarget_lock_release_recursive
 .text.__swhatbuf_r
                0x0000000008006d34       0x4a c:/st/stm32cubeide_1.12.0/stm32cubeide/plugins/com.st.stm32cube.ide.mcu.externaltools.gnu-tools-for-stm32.10.3-2021.10.win32_1.0.200.202301161003/tools/bin/../lib/gcc/arm-none-eabi/10.3.1/../../../../arm-none-eabi/lib/thumb/v7e-m+fp/hard\libc_nano.a(lib_a-makebuf.o)
                0x0000000008006d34                __swhatbuf_r
 *fill*         0x0000000008006d7e        0x2 
 .text.__smakebuf_r
                0x0000000008006d80       0x80 c:/st/stm32cubeide_1.12.0/stm32cubeide/plugins/com.st.stm32cube.ide.mcu.externaltools.gnu-tools-for-stm32.10.3-2021.10.win32_1.0.200.202301161003/tools/bin/../lib/gcc/arm-none-eabi/10.3.1/../../../../arm-none-eabi/lib/thumb/v7e-m+fp/hard\libc_nano.a(lib_a-makebuf.o)
                0x0000000008006d80                __smakebuf_r
 .text._malloc_usable_size_r
                0x0000000008006e00       0x10 c:/st/stm32cubeide_1.12.0/stm32cubeide/plugins/com.st.stm32cube.ide.mcu.externaltools.gnu-tools-for-stm32.10.3-2021.10.win32_1.0.200.202301161003/tools/bin/../lib/gcc/arm-none-eabi/10.3.1/../../../../arm-none-eabi/lib/thumb/v7e-m+fp/hard\libc_nano.a(lib_a-nano-msizer.o)
                0x0000000008006e00                _malloc_usable_size_r
 .text._raise_r
                0x0000000008006e10       0x50 c:/st/stm32cubeide_1.12.0/stm32cubeide/plugins/com.st.stm32cube.ide.mcu.externaltools.gnu-tools-for-stm32.10.3-2021.10.win32_1.0.200.202301161003/tools/bin/../lib/gcc/arm-none-eabi/10.3.1/../../../../arm-none-eabi/lib/thumb/v7e-m+fp/hard\libc_nano.a(lib_a-signal.o)
                0x0000000008006e10                _raise_r
 .text.raise    0x0000000008006e60       0x10 c:/st/stm32cubeide_1.12.0/stm32cubeide/plugins/com.st.stm32cube.ide.mcu.externaltools.gnu-tools-for-stm32.10.3-2021.10.win32_1.0.200.202301161003/tools/bin/../lib/gcc/arm-none-eabi/10.3.1/../../../../arm-none-eabi/lib/thumb/v7e-m+fp/hard\libc_nano.a(lib_a-signal.o)
                0x0000000008006e60                raise
 .text._kill_r  0x0000000008006e70       0x24 c:/st/stm32cubeide_1.12.0/stm32cubeide/plugins/com.st.stm32cube.ide.mcu.externaltools.gnu-tools-for-stm32.10.3-2021.10.win32_1.0.200.202301161003/tools/bin/../lib/gcc/arm-none-eabi/10.3.1/../../../../arm-none-eabi/lib/thumb/v7e-m+fp/hard\libc_nano.a(lib_a-signalr.o)
                0x0000000008006e70                _kill_r
 .text._getpid_r
                0x0000000008006e94        0x4 c:/st/stm32cubeide_1.12.0/stm32cubeide/plugins/com.st.stm32cube.ide.mcu.externaltools.gnu-tools-for-stm32.10.3-2021.10.win32_1.0.200.202301161003/tools/bin/../lib/gcc/arm-none-eabi/10.3.1/../../../../arm-none-eabi/lib/thumb/v7e-m+fp/hard\libc_nano.a(lib_a-signalr.o)
                0x0000000008006e94                _getpid_r
 .text.__sread  0x0000000008006e98       0x22 c:/st/stm32cubeide_1.12.0/stm32cubeide/plugins/com.st.stm32cube.ide.mcu.externaltools.gnu-tools-for-stm32.10.3-2021.10.win32_1.0.200.202301161003/tools/bin/../lib/gcc/arm-none-eabi/10.3.1/../../../../arm-none-eabi/lib/thumb/v7e-m+fp/hard\libc_nano.a(lib_a-stdio.o)
                0x0000000008006e98                __sread
 .text.__swrite
                0x0000000008006eba       0x38 c:/st/stm32cubeide_1.12.0/stm32cubeide/plugins/com.st.stm32cube.ide.mcu.externaltools.gnu-tools-for-stm32.10.3-2021.10.win32_1.0.200.202301161003/tools/bin/../lib/gcc/arm-none-eabi/10.3.1/../../../../arm-none-eabi/lib/thumb/v7e-m+fp/hard\libc_nano.a(lib_a-stdio.o)
                0x0000000008006eba                __swrite
 .text.__sseek  0x0000000008006ef2       0x24 c:/st/stm32cubeide_1.12.0/stm32cubeide/plugins/com.st.stm32cube.ide.mcu.externaltools.gnu-tools-for-stm32.10.3-2021.10.win32_1.0.200.202301161003/tools/bin/../lib/gcc/arm-none-eabi/10.3.1/../../../../arm-none-eabi/lib/thumb/v7e-m+fp/hard\libc_nano.a(lib_a-stdio.o)
                0x0000000008006ef2                __sseek
 .text.__sclose
                0x0000000008006f16        0x8 c:/st/stm32cubeide_1.12.0/stm32cubeide/plugins/com.st.stm32cube.ide.mcu.externaltools.gnu-tools-for-stm32.10.3-2021.10.win32_1.0.200.202301161003/tools/bin/../lib/gcc/arm-none-eabi/10.3.1/../../../../arm-none-eabi/lib/thumb/v7e-m+fp/hard\libc_nano.a(lib_a-stdio.o)
                0x0000000008006f16                __sclose
 *fill*         0x0000000008006f1e        0x2 
 .text._write_r
                0x0000000008006f20       0x24 c:/st/stm32cubeide_1.12.0/stm32cubeide/plugins/com.st.stm32cube.ide.mcu.externaltools.gnu-tools-for-stm32.10.3-2021.10.win32_1.0.200.202301161003/tools/bin/../lib/gcc/arm-none-eabi/10.3.1/../../../../arm-none-eabi/lib/thumb/v7e-m+fp/hard\libc_nano.a(lib_a-writer.o)
                0x0000000008006f20                _write_r
 .text._close_r
                0x0000000008006f44       0x20 c:/st/stm32cubeide_1.12.0/stm32cubeide/plugins/com.st.stm32cube.ide.mcu.externaltools.gnu-tools-for-stm32.10.3-2021.10.win32_1.0.200.202301161003/tools/bin/../lib/gcc/arm-none-eabi/10.3.1/../../../../arm-none-eabi/lib/thumb/v7e-m+fp/hard\libc_nano.a(lib_a-closer.o)
                0x0000000008006f44                _close_r
 .text._fstat_r
                0x0000000008006f64       0x24 c:/st/stm32cubeide_1.12.0/stm32cubeide/plugins/com.st.stm32cube.ide.mcu.externaltools.gnu-tools-for-stm32.10.3-2021.10.win32_1.0.200.202301161003/tools/bin/../lib/gcc/arm-none-eabi/10.3.1/../../../../arm-none-eabi/lib/thumb/v7e-m+fp/hard\libc_nano.a(lib_a-fstatr.o)
                0x0000000008006f64                _fstat_r
 .text._isatty_r
                0x0000000008006f88       0x20 c:/st/stm32cubeide_1.12.0/stm32cubeide/plugins/com.st.stm32cube.ide.mcu.externaltools.gnu-tools-for-stm32.10.3-2021.10.win32_1.0.200.202301161003/tools/bin/../lib/gcc/arm-none-eabi/10.3.1/../../../../arm-none-eabi/lib/thumb/v7e-m+fp/hard\libc_nano.a(lib_a-isattyr.o)
                0x0000000008006f88                _isatty_r
 .text._lseek_r
                0x0000000008006fa8       0x24 c:/st/stm32cubeide_1.12.0/stm32cubeide/plugins/com.st.stm32cube.ide.mcu.externaltools.gnu-tools-for-stm32.10.3-2021.10.win32_1.0.200.202301161003/tools/bin/../lib/gcc/arm-none-eabi/10.3.1/../../../../arm-none-eabi/lib/thumb/v7e-m+fp/hard\libc_nano.a(lib_a-lseekr.o)
                0x0000000008006fa8                _lseek_r
 .text._read_r  0x0000000008006fcc       0x24 c:/st/stm32cubeide_1.12.0/stm32cubeide/plugins/com.st.stm32cube.ide.mcu.externaltools.gnu-tools-for-stm32.10.3-2021.10.win32_1.0.200.202301161003/tools/bin/../lib/gcc/arm-none-eabi/10.3.1/../../../../arm-none-eabi/lib/thumb/v7e-m+fp/hard\libc_nano.a(lib_a-readr.o)
                0x0000000008006fcc                _read_r
 .text.cos      0x0000000008006ff0       0xa8 c:/st/stm32cubeide_1.12.0/stm32cubeide/plugins/com.st.stm32cube.ide.mcu.externaltools.gnu-tools-for-stm32.10.3-2021.10.win32_1.0.200.202301161003/tools/bin/../lib/gcc/arm-none-eabi/10.3.1/../../../../arm-none-eabi/lib/thumb/v7e-m+fp/hard\libm.a(lib_a-s_cos.o)
                0x0000000008006ff0                cos
 .text.sin      0x0000000008007098       0xb0 c:/st/stm32cubeide_1.12.0/stm32cubeide/plugins/com.st.stm32cube.ide.mcu.externaltools.gnu-tools-for-stm32.10.3-2021.10.win32_1.0.200.202301161003/tools/bin/../lib/gcc/arm-none-eabi/10.3.1/../../../../arm-none-eabi/lib/thumb/v7e-m+fp/hard\libm.a(lib_a-s_sin.o)
                0x0000000008007098                sin
 .text.__ieee754_rem_pio2
                0x0000000008007148      0x418 c:/st/stm32cubeide_1.12.0/stm32cubeide/plugins/com.st.stm32cube.ide.mcu.externaltools.gnu-tools-for-stm32.10.3-2021.10.win32_1.0.200.202301161003/tools/bin/../lib/gcc/arm-none-eabi/10.3.1/../../../../arm-none-eabi/lib/thumb/v7e-m+fp/hard\libm.a(lib_a-e_rem_pio2.o)
                0x0000000008007148                __ieee754_rem_pio2
 .text.__kernel_cos
                0x0000000008007560      0x18c c:/st/stm32cubeide_1.12.0/stm32cubeide/plugins/com.st.stm32cube.ide.mcu.externaltools.gnu-tools-for-stm32.10.3-2021.10.win32_1.0.200.202301161003/tools/bin/../lib/gcc/arm-none-eabi/10.3.1/../../../../arm-none-eabi/lib/thumb/v7e-m+fp/hard\libm.a(lib_a-k_cos.o)
                0x0000000008007560                __kernel_cos
 *fill*         0x00000000080076ec        0x4 
 .text.__kernel_rem_pio2
                0x00000000080076f0      0x69c c:/st/stm32cubeide_1.12.0/stm32cubeide/plugins/com.st.stm32cube.ide.mcu.externaltools.gnu-tools-for-stm32.10.3-2021.10.win32_1.0.200.202301161003/tools/bin/../lib/gcc/arm-none-eabi/10.3.1/../../../../arm-none-eabi/lib/thumb/v7e-m+fp/hard\libm.a(lib_a-k_rem_pio2.o)
                0x00000000080076f0                __kernel_rem_pio2
 *fill*         0x0000000008007d8c        0x4 
 .text.__kernel_sin
                0x0000000008007d90      0x17c c:/st/stm32cubeide_1.12.0/stm32cubeide/plugins/com.st.stm32cube.ide.mcu.externaltools.gnu-tools-for-stm32.10.3-2021.10.win32_1.0.200.202301161003/tools/bin/../lib/gcc/arm-none-eabi/10.3.1/../../../../arm-none-eabi/lib/thumb/v7e-m+fp/hard\libm.a(lib_a-k_sin.o)
                0x0000000008007d90                __kernel_sin
 .text.fabs     0x0000000008007f0c       0x12 c:/st/stm32cubeide_1.12.0/stm32cubeide/plugins/com.st.stm32cube.ide.mcu.externaltools.gnu-tools-for-stm32.10.3-2021.10.win32_1.0.200.202301161003/tools/bin/../lib/gcc/arm-none-eabi/10.3.1/../../../../arm-none-eabi/lib/thumb/v7e-m+fp/hard\libm.a(lib_a-s_fabs.o)
                0x0000000008007f0c                fabs
 *fill*         0x0000000008007f1e        0x2 
 .text.floor    0x0000000008007f20      0x100 c:/st/stm32cubeide_1.12.0/stm32cubeide/plugins/com.st.stm32cube.ide.mcu.externaltools.gnu-tools-for-stm32.10.3-2021.10.win32_1.0.200.202301161003/tools/bin/../lib/gcc/arm-none-eabi/10.3.1/../../../../arm-none-eabi/lib/thumb/v7e-m+fp/hard\libm.a(lib_a-s_floor.o)
                0x0000000008007f20                floor
 .text.scalbn   0x0000000008008020      0x10c c:/st/stm32cubeide_1.12.0/stm32cubeide/plugins/com.st.stm32cube.ide.mcu.externaltools.gnu-tools-for-stm32.10.3-2021.10.win32_1.0.200.202301161003/tools/bin/../lib/gcc/arm-none-eabi/10.3.1/../../../../arm-none-eabi/lib/thumb/v7e-m+fp/hard\libm.a(lib_a-s_scalbn.o)
                0x0000000008008020                scalbn
 .text._close   0x000000000800812c       0x10 c:/st/stm32cubeide_1.12.0/stm32cubeide/plugins/com.st.stm32cube.ide.mcu.externaltools.gnu-tools-for-stm32.10.3-2021.10.win32_1.0.200.202301161003/tools/bin/../lib/gcc/arm-none-eabi/10.3.1/../../../../arm-none-eabi/lib/thumb/v7e-m+fp/hard\libnosys.a(close.o)
                0x000000000800812c                _close
 .text._fstat   0x000000000800813c       0x10 c:/st/stm32cubeide_1.12.0/stm32cubeide/plugins/com.st.stm32cube.ide.mcu.externaltools.gnu-tools-for-stm32.10.3-2021.10.win32_1.0.200.202301161003/tools/bin/../lib/gcc/arm-none-eabi/10.3.1/../../../../arm-none-eabi/lib/thumb/v7e-m+fp/hard\libnosys.a(fstat.o)
                0x000000000800813c                _fstat
 .text._getpid  0x000000000800814c       0x10 c:/st/stm32cubeide_1.12.0/stm32cubeide/plugins/com.st.stm32cube.ide.mcu.externaltools.gnu-tools-for-stm32.10.3-2021.10.win32_1.0.200.202301161003/tools/bin/../lib/gcc/arm-none-eabi/10.3.1/../../../../arm-none-eabi/lib/thumb/v7e-m+fp/hard\libnosys.a(getpid.o)
                0x000000000800814c                _getpid
 .text._isatty  0x000000000800815c       0x10 c:/st/stm32cubeide_1.12.0/stm32cubeide/plugins/com.st.stm32cube.ide.mcu.externaltools.gnu-tools-for-stm32.10.3-2021.10.win32_1.0.200.202301161003/tools/bin/../lib/gcc/arm-none-eabi/10.3.1/../../../../arm-none-eabi/lib/thumb/v7e-m+fp/hard\libnosys.a(isatty.o)
                0x000000000800815c                _isatty
 .text._kill    0x000000000800816c       0x10 c:/st/stm32cubeide_1.12.0/stm32cubeide/plugins/com.st.stm32cube.ide.mcu.externaltools.gnu-tools-for-stm32.10.3-2021.10.win32_1.0.200.202301161003/tools/bin/../lib/gcc/arm-none-eabi/10.3.1/../../../../arm-none-eabi/lib/thumb/v7e-m+fp/hard\libnosys.a(kill.o)
                0x000000000800816c                _kill
 .text._lseek   0x000000000800817c       0x10 c:/st/stm32cubeide_1.12.0/stm32cubeide/plugins/com.st.stm32cube.ide.mcu.externaltools.gnu-tools-for-stm32.10.3-2021.10.win32_1.0.200.202301161003/tools/bin/../lib/gcc/arm-none-eabi/10.3.1/../../../../arm-none-eabi/lib/thumb/v7e-m+fp/hard\libnosys.a(lseek.o)
                0x000000000800817c                _lseek
 .text._read    0x000000000800818c       0x10 c:/st/stm32cubeide_1.12.0/stm32cubeide/plugins/com.st.stm32cube.ide.mcu.externaltools.gnu-tools-for-stm32.10.3-2021.10.win32_1.0.200.202301161003/tools/bin/../lib/gcc/arm-none-eabi/10.3.1/../../../../arm-none-eabi/lib/thumb/v7e-m+fp/hard\libnosys.a(read.o)
                0x000000000800818c                _read
 .text._sbrk    0x000000000800819c       0x1c c:/st/stm32cubeide_1.12.0/stm32cubeide/plugins/com.st.stm32cube.ide.mcu.externaltools.gnu-tools-for-stm32.10.3-2021.10.win32_1.0.200.202301161003/tools/bin/../lib/gcc/arm-none-eabi/10.3.1/../../../../arm-none-eabi/lib/thumb/v7e-m+fp/hard\libnosys.a(sbrk.o)
                0x000000000800819c                _sbrk
 .text._write   0x00000000080081b8       0x10 c:/st/stm32cubeide_1.12.0/stm32cubeide/plugins/com.st.stm32cube.ide.mcu.externaltools.gnu-tools-for-stm32.10.3-2021.10.win32_1.0.200.202301161003/tools/bin/../lib/gcc/arm-none-eabi/10.3.1/../../../../arm-none-eabi/lib/thumb/v7e-m+fp/hard\libnosys.a(write.o)
                0x00000000080081b8                _write
 .text._exit    0x00000000080081c8        0x2 c:/st/stm32cubeide_1.12.0/stm32cubeide/plugins/com.st.stm32cube.ide.mcu.externaltools.gnu-tools-for-stm32.10.3-2021.10.win32_1.0.200.202301161003/tools/bin/../lib/gcc/arm-none-eabi/10.3.1/../../../../arm-none-eabi/lib/thumb/v7e-m+fp/hard\libnosys.a(_exit.o)
                0x00000000080081c8                _exit
 *(.glue_7)
 .glue_7        0x00000000080081ca        0x0 linker stubs
 *(.glue_7t)
 .glue_7t       0x00000000080081ca        0x0 linker stubs
 *(.eh_frame)
 *fill*         0x00000000080081ca        0x2 
 .eh_frame      0x00000000080081cc        0x0 c:/st/stm32cubeide_1.12.0/stm32cubeide/plugins/com.st.stm32cube.ide.mcu.externaltools.gnu-tools-for-stm32.10.3-2021.10.win32_1.0.200.202301161003/tools/bin/../lib/gcc/arm-none-eabi/10.3.1/thumb/v7e-m+fp/hard/crtbegin.o
 *(.init)
 .init          0x00000000080081cc        0x4 c:/st/stm32cubeide_1.12.0/stm32cubeide/plugins/com.st.stm32cube.ide.mcu.externaltools.gnu-tools-for-stm32.10.3-2021.10.win32_1.0.200.202301161003/tools/bin/../lib/gcc/arm-none-eabi/10.3.1/thumb/v7e-m+fp/hard/crti.o
                0x00000000080081cc                _init
 .init          0x00000000080081d0        0x8 c:/st/stm32cubeide_1.12.0/stm32cubeide/plugins/com.st.stm32cube.ide.mcu.externaltools.gnu-tools-for-stm32.10.3-2021.10.win32_1.0.200.202301161003/tools/bin/../lib/gcc/arm-none-eabi/10.3.1/thumb/v7e-m+fp/hard/crtn.o
 *(.fini)
 .fini          0x00000000080081d8        0x4 c:/st/stm32cubeide_1.12.0/stm32cubeide/plugins/com.st.stm32cube.ide.mcu.externaltools.gnu-tools-for-stm32.10.3-2021.10.win32_1.0.200.202301161003/tools/bin/../lib/gcc/arm-none-eabi/10.3.1/thumb/v7e-m+fp/hard/crti.o
                0x00000000080081d8                _fini
 .fini          0x00000000080081dc        0x8 c:/st/stm32cubeide_1.12.0/stm32cubeide/plugins/com.st.stm32cube.ide.mcu.externaltools.gnu-tools-for-stm32.10.3-2021.10.win32_1.0.200.202301161003/tools/bin/../lib/gcc/arm-none-eabi/10.3.1/thumb/v7e-m+fp/hard/crtn.o
                0x00000000080081e4                . = ALIGN (0x4)
                0x00000000080081e4                _etext = .

.vfp11_veneer   0x00000000080081e4        0x0
 .vfp11_veneer  0x00000000080081e4        0x0 linker stubs

.v4_bx          0x00000000080081e4        0x0
 .v4_bx         0x00000000080081e4        0x0 linker stubs

.iplt           0x00000000080081e4        0x0
 .iplt          0x00000000080081e4        0x0 c:/st/stm32cubeide_1.12.0/stm32cubeide/plugins/com.st.stm32cube.ide.mcu.externaltools.gnu-tools-for-stm32.10.3-2021.10.win32_1.0.200.202301161003/tools/bin/../lib/gcc/arm-none-eabi/10.3.1/thumb/v7e-m+fp/hard/crtbegin.o

.rodata         0x00000000080081e8      0xb68
                0x00000000080081e8                . = ALIGN (0x4)
 *(.rodata)
 .rodata        0x00000000080081e8       0x34 ./Src/main.o
 *(.rodata*)
 .rodata.LEDpgb
                0x000000000800821c        0x8 ./Src/RotaryPushButton.o
                0x000000000800821c                LEDpgb
 .rodata.PuBio_pgb
                0x0000000008008224       0x14 ./Src/RotaryPushButton.o
                0x0000000008008224                PuBio_pgb
 .rodata.SmallFont
                0x0000000008008238      0x478 ./Src/ST7735.o
                0x0000000008008238                SmallFont
 .rodata.Rcmd1  0x00000000080086b0       0x3c ./Src/ST7735.o
 .rodata.Rcmd2green
                0x00000000080086ec        0xd ./Src/ST7735.o
 *fill*         0x00000000080086f9        0x3 
 .rodata.Rcmd2red
                0x00000000080086fc        0xd ./Src/ST7735.o
 *fill*         0x0000000008008709        0x3 
 .rodata.Rcmd3  0x000000000800870c       0x2b ./Src/ST7735.o
 *fill*         0x0000000008008737        0x1 
 .rodata.Scope  0x0000000008008738       0x18 ./Src/graphics.o
                0x0000000008008738                Scope
 .rodata.PID    0x0000000008008750       0x28 ./Src/regler.o
                0x0000000008008750                PID
 .rodata.APBAHBPrescTable
                0x0000000008008778       0x10 D:\GITHUB\STM32\EDS_2024\MCAL\Debug\libMCAL.a(mcalRCC.o)
                0x0000000008008778                APBAHBPrescTable
 .rodata.AHBPrescTable
                0x0000000008008788       0x10 D:\GITHUB\STM32\EDS_2024\CMSIS\Debug\libCMSIS.a(system_stm32f4xx.o)
                0x0000000008008788                AHBPrescTable
 .rodata._global_impure_ptr
                0x0000000008008798        0x4 c:/st/stm32cubeide_1.12.0/stm32cubeide/plugins/com.st.stm32cube.ide.mcu.externaltools.gnu-tools-for-stm32.10.3-2021.10.win32_1.0.200.202301161003/tools/bin/../lib/gcc/arm-none-eabi/10.3.1/../../../../arm-none-eabi/lib/thumb/v7e-m+fp/hard\libc_nano.a(lib_a-impure.o)
                0x0000000008008798                _global_impure_ptr
 .rodata._printf_float.str1.1
                0x000000000800879c       0x12 c:/st/stm32cubeide_1.12.0/stm32cubeide/plugins/com.st.stm32cube.ide.mcu.externaltools.gnu-tools-for-stm32.10.3-2021.10.win32_1.0.200.202301161003/tools/bin/../lib/gcc/arm-none-eabi/10.3.1/../../../../arm-none-eabi/lib/thumb/v7e-m+fp/hard\libc_nano.a(lib_a-nano-vfprintf_float.o)
 .rodata._printf_i.str1.1
                0x00000000080087ae       0x22 c:/st/stm32cubeide_1.12.0/stm32cubeide/plugins/com.st.stm32cube.ide.mcu.externaltools.gnu-tools-for-stm32.10.3-2021.10.win32_1.0.200.202301161003/tools/bin/../lib/gcc/arm-none-eabi/10.3.1/../../../../arm-none-eabi/lib/thumb/v7e-m+fp/hard\libc_nano.a(lib_a-nano-vfprintf_i.o)
 .rodata._dtoa_r.str1.1
                0x00000000080087d0       0x90 c:/st/stm32cubeide_1.12.0/stm32cubeide/plugins/com.st.stm32cube.ide.mcu.externaltools.gnu-tools-for-stm32.10.3-2021.10.win32_1.0.200.202301161003/tools/bin/../lib/gcc/arm-none-eabi/10.3.1/../../../../arm-none-eabi/lib/thumb/v7e-m+fp/hard\libc_nano.a(lib_a-dtoa.o)
                                         0x92 (size before relaxing)
 .rodata._Balloc.str1.1
                0x0000000008008860       0x5c c:/st/stm32cubeide_1.12.0/stm32cubeide/plugins/com.st.stm32cube.ide.mcu.externaltools.gnu-tools-for-stm32.10.3-2021.10.win32_1.0.200.202301161003/tools/bin/../lib/gcc/arm-none-eabi/10.3.1/../../../../arm-none-eabi/lib/thumb/v7e-m+fp/hard\libc_nano.a(lib_a-mprec.o)
                                         0x73 (size before relaxing)
 .rodata.__multadd.str1.1
                0x00000000080088bc       0x11 c:/st/stm32cubeide_1.12.0/stm32cubeide/plugins/com.st.stm32cube.ide.mcu.externaltools.gnu-tools-for-stm32.10.3-2021.10.win32_1.0.200.202301161003/tools/bin/../lib/gcc/arm-none-eabi/10.3.1/../../../../arm-none-eabi/lib/thumb/v7e-m+fp/hard\libc_nano.a(lib_a-mprec.o)
 *fill*         0x00000000080088bc        0x4 
 .rodata.__mprec_bigtens
                0x00000000080088c0       0x28 c:/st/stm32cubeide_1.12.0/stm32cubeide/plugins/com.st.stm32cube.ide.mcu.externaltools.gnu-tools-for-stm32.10.3-2021.10.win32_1.0.200.202301161003/tools/bin/../lib/gcc/arm-none-eabi/10.3.1/../../../../arm-none-eabi/lib/thumb/v7e-m+fp/hard\libc_nano.a(lib_a-mprec.o)
                0x00000000080088c0                __mprec_bigtens
 .rodata.__mprec_tens
                0x00000000080088e8       0xc8 c:/st/stm32cubeide_1.12.0/stm32cubeide/plugins/com.st.stm32cube.ide.mcu.externaltools.gnu-tools-for-stm32.10.3-2021.10.win32_1.0.200.202301161003/tools/bin/../lib/gcc/arm-none-eabi/10.3.1/../../../../arm-none-eabi/lib/thumb/v7e-m+fp/hard\libc_nano.a(lib_a-mprec.o)
                0x00000000080088e8                __mprec_tens
 .rodata.p05.0  0x00000000080089b0        0xc c:/st/stm32cubeide_1.12.0/stm32cubeide/plugins/com.st.stm32cube.ide.mcu.externaltools.gnu-tools-for-stm32.10.3-2021.10.win32_1.0.200.202301161003/tools/bin/../lib/gcc/arm-none-eabi/10.3.1/../../../../arm-none-eabi/lib/thumb/v7e-m+fp/hard\libc_nano.a(lib_a-mprec.o)
 .rodata._svfprintf_r.str1.1
                0x00000000080089bc       0x11 c:/st/stm32cubeide_1.12.0/stm32cubeide/plugins/com.st.stm32cube.ide.mcu.externaltools.gnu-tools-for-stm32.10.3-2021.10.win32_1.0.200.202301161003/tools/bin/../lib/gcc/arm-none-eabi/10.3.1/../../../../arm-none-eabi/lib/thumb/v7e-m+fp/hard\libc_nano.a(lib_a-nano-svfprintf.o)
 .rodata.__assert_func.str1.1
                0x00000000080089cd       0x3c c:/st/stm32cubeide_1.12.0/stm32cubeide/plugins/com.st.stm32cube.ide.mcu.externaltools.gnu-tools-for-stm32.10.3-2021.10.win32_1.0.200.202301161003/tools/bin/../lib/gcc/arm-none-eabi/10.3.1/../../../../arm-none-eabi/lib/thumb/v7e-m+fp/hard\libc_nano.a(lib_a-assert.o)
                                         0x3d (size before relaxing)
 .rodata._setlocale_r.str1.1
                0x0000000008008a09        0x8 c:/st/stm32cubeide_1.12.0/stm32cubeide/plugins/com.st.stm32cube.ide.mcu.externaltools.gnu-tools-for-stm32.10.3-2021.10.win32_1.0.200.202301161003/tools/bin/../lib/gcc/arm-none-eabi/10.3.1/../../../../arm-none-eabi/lib/thumb/v7e-m+fp/hard\libc_nano.a(lib_a-locale.o)
                                          0x9 (size before relaxing)
 .rodata.str1.1
                0x0000000008008a11        0x2 c:/st/stm32cubeide_1.12.0/stm32cubeide/plugins/com.st.stm32cube.ide.mcu.externaltools.gnu-tools-for-stm32.10.3-2021.10.win32_1.0.200.202301161003/tools/bin/../lib/gcc/arm-none-eabi/10.3.1/../../../../arm-none-eabi/lib/thumb/v7e-m+fp/hard\libc_nano.a(lib_a-locale.o)
 .rodata._vfprintf_r.str1.1
                0x0000000008008a13       0x11 c:/st/stm32cubeide_1.12.0/stm32cubeide/plugins/com.st.stm32cube.ide.mcu.externaltools.gnu-tools-for-stm32.10.3-2021.10.win32_1.0.200.202301161003/tools/bin/../lib/gcc/arm-none-eabi/10.3.1/../../../../arm-none-eabi/lib/thumb/v7e-m+fp/hard\libc_nano.a(lib_a-nano-vfprintf.o)
 .rodata._ctype_
                0x0000000008008a13      0x101 c:/st/stm32cubeide_1.12.0/stm32cubeide/plugins/com.st.stm32cube.ide.mcu.externaltools.gnu-tools-for-stm32.10.3-2021.10.win32_1.0.200.202301161003/tools/bin/../lib/gcc/arm-none-eabi/10.3.1/../../../../arm-none-eabi/lib/thumb/v7e-m+fp/hard\libc_nano.a(lib_a-ctype_.o)
                0x0000000008008a13                _ctype_
 .rodata.__sf_fake_stderr
                0x0000000008008b14       0x20 c:/st/stm32cubeide_1.12.0/stm32cubeide/plugins/com.st.stm32cube.ide.mcu.externaltools.gnu-tools-for-stm32.10.3-2021.10.win32_1.0.200.202301161003/tools/bin/../lib/gcc/arm-none-eabi/10.3.1/../../../../arm-none-eabi/lib/thumb/v7e-m+fp/hard\libc_nano.a(lib_a-findfp.o)
                0x0000000008008b14                __sf_fake_stderr
 .rodata.__sf_fake_stdin
                0x0000000008008b34       0x20 c:/st/stm32cubeide_1.12.0/stm32cubeide/plugins/com.st.stm32cube.ide.mcu.externaltools.gnu-tools-for-stm32.10.3-2021.10.win32_1.0.200.202301161003/tools/bin/../lib/gcc/arm-none-eabi/10.3.1/../../../../arm-none-eabi/lib/thumb/v7e-m+fp/hard\libc_nano.a(lib_a-findfp.o)
                0x0000000008008b34                __sf_fake_stdin
 .rodata.__sf_fake_stdout
                0x0000000008008b54       0x20 c:/st/stm32cubeide_1.12.0/stm32cubeide/plugins/com.st.stm32cube.ide.mcu.externaltools.gnu-tools-for-stm32.10.3-2021.10.win32_1.0.200.202301161003/tools/bin/../lib/gcc/arm-none-eabi/10.3.1/../../../../arm-none-eabi/lib/thumb/v7e-m+fp/hard\libc_nano.a(lib_a-findfp.o)
                0x0000000008008b54                __sf_fake_stdout
 .rodata.npio2_hw
                0x0000000008008b74       0x80 c:/st/stm32cubeide_1.12.0/stm32cubeide/plugins/com.st.stm32cube.ide.mcu.externaltools.gnu-tools-for-stm32.10.3-2021.10.win32_1.0.200.202301161003/tools/bin/../lib/gcc/arm-none-eabi/10.3.1/../../../../arm-none-eabi/lib/thumb/v7e-m+fp/hard\libm.a(lib_a-e_rem_pio2.o)
 .rodata.two_over_pi
                0x0000000008008bf4      0x108 c:/st/stm32cubeide_1.12.0/stm32cubeide/plugins/com.st.stm32cube.ide.mcu.externaltools.gnu-tools-for-stm32.10.3-2021.10.win32_1.0.200.202301161003/tools/bin/../lib/gcc/arm-none-eabi/10.3.1/../../../../arm-none-eabi/lib/thumb/v7e-m+fp/hard\libm.a(lib_a-e_rem_pio2.o)
 *fill*         0x0000000008008cfc        0x4 
 .rodata.PIo2   0x0000000008008d00       0x40 c:/st/stm32cubeide_1.12.0/stm32cubeide/plugins/com.st.stm32cube.ide.mcu.externaltools.gnu-tools-for-stm32.10.3-2021.10.win32_1.0.200.202301161003/tools/bin/../lib/gcc/arm-none-eabi/10.3.1/../../../../arm-none-eabi/lib/thumb/v7e-m+fp/hard\libm.a(lib_a-k_rem_pio2.o)
 .rodata.init_jk
                0x0000000008008d40       0x10 c:/st/stm32cubeide_1.12.0/stm32cubeide/plugins/com.st.stm32cube.ide.mcu.externaltools.gnu-tools-for-stm32.10.3-2021.10.win32_1.0.200.202301161003/tools/bin/../lib/gcc/arm-none-eabi/10.3.1/../../../../arm-none-eabi/lib/thumb/v7e-m+fp/hard\libm.a(lib_a-k_rem_pio2.o)
                0x0000000008008d50                . = ALIGN (0x4)

.ARM.extab      0x0000000008008d50        0x0
                0x0000000008008d50                . = ALIGN (0x4)
 *(.ARM.extab* .gnu.linkonce.armextab.*)
                0x0000000008008d50                . = ALIGN (0x4)

.ARM            0x0000000008008d50        0x8
                0x0000000008008d50                . = ALIGN (0x4)
                0x0000000008008d50                __exidx_start = .
 *(.ARM.exidx*)
 .ARM.exidx     0x0000000008008d50        0x8 c:/st/stm32cubeide_1.12.0/stm32cubeide/plugins/com.st.stm32cube.ide.mcu.externaltools.gnu-tools-for-stm32.10.3-2021.10.win32_1.0.200.202301161003/tools/bin/../lib/gcc/arm-none-eabi/10.3.1/thumb/v7e-m+fp/hard\libgcc.a(_udivmoddi4.o)
                0x0000000008008d58                __exidx_end = .
                0x0000000008008d58                . = ALIGN (0x4)

.rel.dyn        0x0000000008008d58        0x0
 .rel.iplt      0x0000000008008d58        0x0 c:/st/stm32cubeide_1.12.0/stm32cubeide/plugins/com.st.stm32cube.ide.mcu.externaltools.gnu-tools-for-stm32.10.3-2021.10.win32_1.0.200.202301161003/tools/bin/../lib/gcc/arm-none-eabi/10.3.1/thumb/v7e-m+fp/hard/crtbegin.o

.preinit_array  0x0000000008008d58        0x0
                0x0000000008008d58                . = ALIGN (0x4)
                0x0000000008008d58                PROVIDE (__preinit_array_start = .)
 *(.preinit_array*)
                0x0000000008008d58                PROVIDE (__preinit_array_end = .)
                0x0000000008008d58                . = ALIGN (0x4)

.init_array     0x0000000008008d58        0x4
                0x0000000008008d58                . = ALIGN (0x4)
                0x0000000008008d58                PROVIDE (__init_array_start = .)
 *(SORT_BY_NAME(.init_array.*))
 *(.init_array*)
 .init_array    0x0000000008008d58        0x4 c:/st/stm32cubeide_1.12.0/stm32cubeide/plugins/com.st.stm32cube.ide.mcu.externaltools.gnu-tools-for-stm32.10.3-2021.10.win32_1.0.200.202301161003/tools/bin/../lib/gcc/arm-none-eabi/10.3.1/thumb/v7e-m+fp/hard/crtbegin.o
                0x0000000008008d5c                PROVIDE (__init_array_end = .)
                0x0000000008008d5c                . = ALIGN (0x4)

.fini_array     0x0000000008008d5c        0x4
                0x0000000008008d5c                . = ALIGN (0x4)
                [!provide]                        PROVIDE (__fini_array_start = .)
 *(SORT_BY_NAME(.fini_array.*))
 *(.fini_array*)
 .fini_array    0x0000000008008d5c        0x4 c:/st/stm32cubeide_1.12.0/stm32cubeide/plugins/com.st.stm32cube.ide.mcu.externaltools.gnu-tools-for-stm32.10.3-2021.10.win32_1.0.200.202301161003/tools/bin/../lib/gcc/arm-none-eabi/10.3.1/thumb/v7e-m+fp/hard/crtbegin.o
                [!provide]                        PROVIDE (__fini_array_end = .)
                0x0000000008008d60                . = ALIGN (0x4)
                0x0000000008008d60                _sidata = LOADADDR (.data)

.data           0x0000000020000000      0x200 load address 0x0000000008008d60
                0x0000000020000000                . = ALIGN (0x4)
                0x0000000020000000                _sdata = .
 *(.data)
 *(.data*)
 .data.width    0x0000000020000000        0x2 ./Src/ST7735.o
 .data.height   0x0000000020000002        0x2 ./Src/ST7735.o
 .data.ST7735pgb
                0x0000000020000004       0x24 ./Src/ST7735.o
                0x0000000020000004                ST7735pgb
 .data._fg      0x0000000020000028        0x2 ./Src/ST7735.o
 *fill*         0x000000002000002a        0x2 
 .data.SystemCoreClock
                0x000000002000002c        0x4 D:\GITHUB\STM32\EDS_2024\CMSIS\Debug\libCMSIS.a(system_stm32f4xx.o)
                0x000000002000002c                SystemCoreClock
 .data._impure_ptr
                0x0000000020000030        0x4 c:/st/stm32cubeide_1.12.0/stm32cubeide/plugins/com.st.stm32cube.ide.mcu.externaltools.gnu-tools-for-stm32.10.3-2021.10.win32_1.0.200.202301161003/tools/bin/../lib/gcc/arm-none-eabi/10.3.1/../../../../arm-none-eabi/lib/thumb/v7e-m+fp/hard\libc_nano.a(lib_a-impure.o)
                0x0000000020000030                _impure_ptr
 .data.impure_data
                0x0000000020000034       0x60 c:/st/stm32cubeide_1.12.0/stm32cubeide/plugins/com.st.stm32cube.ide.mcu.externaltools.gnu-tools-for-stm32.10.3-2021.10.win32_1.0.200.202301161003/tools/bin/../lib/gcc/arm-none-eabi/10.3.1/../../../../arm-none-eabi/lib/thumb/v7e-m+fp/hard\libc_nano.a(lib_a-impure.o)
 .data.__global_locale
                0x0000000020000094      0x16c c:/st/stm32cubeide_1.12.0/stm32cubeide/plugins/com.st.stm32cube.ide.mcu.externaltools.gnu-tools-for-stm32.10.3-2021.10.win32_1.0.200.202301161003/tools/bin/../lib/gcc/arm-none-eabi/10.3.1/../../../../arm-none-eabi/lib/thumb/v7e-m+fp/hard\libc_nano.a(lib_a-locale.o)
                0x0000000020000094                __global_locale
 *(.RamFunc)
 *(.RamFunc*)
                0x0000000020000200                . = ALIGN (0x4)
                0x0000000020000200                _edata = .

.igot.plt       0x0000000020000200        0x0 load address 0x0000000008008f60
 .igot.plt      0x0000000020000200        0x0 c:/st/stm32cubeide_1.12.0/stm32cubeide/plugins/com.st.stm32cube.ide.mcu.externaltools.gnu-tools-for-stm32.10.3-2021.10.win32_1.0.200.202301161003/tools/bin/../lib/gcc/arm-none-eabi/10.3.1/thumb/v7e-m+fp/hard/crtbegin.o
                0x0000000020000200                . = ALIGN (0x4)

.bss            0x0000000020000200       0x84 load address 0x0000000008008f60
                0x0000000020000200                _sbss = .
                0x0000000020000200                __bss_start__ = _sbss
 *(.bss)
 .bss           0x0000000020000200       0x1c c:/st/stm32cubeide_1.12.0/stm32cubeide/plugins/com.st.stm32cube.ide.mcu.externaltools.gnu-tools-for-stm32.10.3-2021.10.win32_1.0.200.202301161003/tools/bin/../lib/gcc/arm-none-eabi/10.3.1/thumb/v7e-m+fp/hard/crtbegin.o
 *(.bss*)
 .bss.LED       0x000000002000021c        0x8 ./Src/RotaryPushButton.o
 .bss.RoPuBu    0x0000000020000224       0x14 ./Src/RotaryPushButton.o
 .bss.rotoryPosition
                0x0000000020000238        0x4 ./Src/RotaryPushButton.o
                0x0000000020000238                rotoryPosition
 .bss.pushButtonFlag
                0x000000002000023c        0x1 ./Src/RotaryPushButton.o
                0x000000002000023c                pushButtonFlag
 .bss.initRotaryPushButtonDone
                0x000000002000023d        0x1 ./Src/RotaryPushButton.o
                0x000000002000023d                initRotaryPushButtonDone
 .bss.initRotaryPushButtonLEDDone
                0x000000002000023e        0x1 ./Src/RotaryPushButton.o
                0x000000002000023e                initRotaryPushButtonLEDDone
 *fill*         0x000000002000023f        0x1 
 .bss.TFT       0x0000000020000240        0x4 ./Src/ST7735.o
 .bss.spi       0x0000000020000244        0x4 ./Src/ST7735.o
 .bss.colstart  0x0000000020000248        0x4 ./Src/ST7735.o
 .bss.rowstart  0x000000002000024c        0x4 ./Src/ST7735.o
 .bss.orientation
                0x0000000020000250        0x1 ./Src/ST7735.o
 *fill*         0x0000000020000251        0x3 
 .bss.cfont     0x0000000020000254        0xc ./Src/ST7735.o
 .bss._transparent
                0x0000000020000260        0x1 ./Src/ST7735.o
 *fill*         0x0000000020000261        0x1 
 .bss._bg       0x0000000020000262        0x2 ./Src/ST7735.o
 .bss.timerTrigger
                0x0000000020000264        0x1 ./Src/main.o
                0x0000000020000264                timerTrigger
 *fill*         0x0000000020000265        0x3 
 .bss.Timer1    0x0000000020000268        0x4 ./Src/main.o
                0x0000000020000268                Timer1
 .bss.ST7735_Timer
                0x000000002000026c        0x4 ./Src/main.o
                0x000000002000026c                ST7735_Timer
 .bss.__malloc_free_list
                0x0000000020000270        0x4 c:/st/stm32cubeide_1.12.0/stm32cubeide/plugins/com.st.stm32cube.ide.mcu.externaltools.gnu-tools-for-stm32.10.3-2021.10.win32_1.0.200.202301161003/tools/bin/../lib/gcc/arm-none-eabi/10.3.1/../../../../arm-none-eabi/lib/thumb/v7e-m+fp/hard\libc_nano.a(lib_a-nano-mallocr.o)
                0x0000000020000270                __malloc_free_list
 .bss.__malloc_sbrk_start
                0x0000000020000274        0x4 c:/st/stm32cubeide_1.12.0/stm32cubeide/plugins/com.st.stm32cube.ide.mcu.externaltools.gnu-tools-for-stm32.10.3-2021.10.win32_1.0.200.202301161003/tools/bin/../lib/gcc/arm-none-eabi/10.3.1/../../../../arm-none-eabi/lib/thumb/v7e-m+fp/hard\libc_nano.a(lib_a-nano-mallocr.o)
                0x0000000020000274                __malloc_sbrk_start
 .bss.errno     0x0000000020000278        0x4 c:/st/stm32cubeide_1.12.0/stm32cubeide/plugins/com.st.stm32cube.ide.mcu.externaltools.gnu-tools-for-stm32.10.3-2021.10.win32_1.0.200.202301161003/tools/bin/../lib/gcc/arm-none-eabi/10.3.1/../../../../arm-none-eabi/lib/thumb/v7e-m+fp/hard\libc_nano.a(lib_a-reent.o)
                0x0000000020000278                errno
 .bss.__lock___malloc_recursive_mutex
                0x000000002000027c        0x1 c:/st/stm32cubeide_1.12.0/stm32cubeide/plugins/com.st.stm32cube.ide.mcu.externaltools.gnu-tools-for-stm32.10.3-2021.10.win32_1.0.200.202301161003/tools/bin/../lib/gcc/arm-none-eabi/10.3.1/../../../../arm-none-eabi/lib/thumb/v7e-m+fp/hard\libc_nano.a(lib_a-lock.o)
                0x000000002000027c                __lock___malloc_recursive_mutex
 .bss.__lock___sfp_recursive_mutex
                0x000000002000027d        0x1 c:/st/stm32cubeide_1.12.0/stm32cubeide/plugins/com.st.stm32cube.ide.mcu.externaltools.gnu-tools-for-stm32.10.3-2021.10.win32_1.0.200.202301161003/tools/bin/../lib/gcc/arm-none-eabi/10.3.1/../../../../arm-none-eabi/lib/thumb/v7e-m+fp/hard\libc_nano.a(lib_a-lock.o)
                0x000000002000027d                __lock___sfp_recursive_mutex
 .bss.__lock___sinit_recursive_mutex
                0x000000002000027e        0x1 c:/st/stm32cubeide_1.12.0/stm32cubeide/plugins/com.st.stm32cube.ide.mcu.externaltools.gnu-tools-for-stm32.10.3-2021.10.win32_1.0.200.202301161003/tools/bin/../lib/gcc/arm-none-eabi/10.3.1/../../../../arm-none-eabi/lib/thumb/v7e-m+fp/hard\libc_nano.a(lib_a-lock.o)
                0x000000002000027e                __lock___sinit_recursive_mutex
 *fill*         0x000000002000027f        0x1 
 .bss.heap_end.0
                0x0000000020000280        0x4 c:/st/stm32cubeide_1.12.0/stm32cubeide/plugins/com.st.stm32cube.ide.mcu.externaltools.gnu-tools-for-stm32.10.3-2021.10.win32_1.0.200.202301161003/tools/bin/../lib/gcc/arm-none-eabi/10.3.1/../../../../arm-none-eabi/lib/thumb/v7e-m+fp/hard\libnosys.a(sbrk.o)
 *(COMMON)
                0x0000000020000284                . = ALIGN (0x4)
                0x0000000020000284                _ebss = .
                0x0000000020000284                __bss_end__ = _ebss

._user_heap_stack
                0x0000000020000284      0x604 load address 0x0000000008008f60
                0x0000000020000288                . = ALIGN (0x8)
 *fill*         0x0000000020000284        0x4 
                0x0000000020000288                PROVIDE (end = .)
                [!provide]                        PROVIDE (_end = .)
                0x0000000020000488                . = (. + _Min_Heap_Size)
 *fill*         0x0000000020000288      0x200 
                0x0000000020000888                . = (. + _Min_Stack_Size)
 *fill*         0x0000000020000488      0x400 
                0x0000000020000888                . = ALIGN (0x8)

/DISCARD/
 libc.a(*)
 libm.a(*)
 libgcc.a(*)

.ARM.attributes
                0x0000000000000000       0x30
 *(.ARM.attributes)
 .ARM.attributes
                0x0000000000000000       0x1e c:/st/stm32cubeide_1.12.0/stm32cubeide/plugins/com.st.stm32cube.ide.mcu.externaltools.gnu-tools-for-stm32.10.3-2021.10.win32_1.0.200.202301161003/tools/bin/../lib/gcc/arm-none-eabi/10.3.1/thumb/v7e-m+fp/hard/crti.o
 .ARM.attributes
                0x000000000000001e       0x34 c:/st/stm32cubeide_1.12.0/stm32cubeide/plugins/com.st.stm32cube.ide.mcu.externaltools.gnu-tools-for-stm32.10.3-2021.10.win32_1.0.200.202301161003/tools/bin/../lib/gcc/arm-none-eabi/10.3.1/thumb/v7e-m+fp/hard/crtbegin.o
 .ARM.attributes