../Src/ST7735.c:61:6:_DC1	8	static
../Src/ST7735.c:65:6:_DC0	8	static
../Src/ST7735.c:70:6:_RST1	8	static
../Src/ST7735.c:75:6:_RST0	8	static
../Src/ST7735.c:80:6:_CS1	8	static
../Src/ST7735.c:84:6:_CS0	8	static
../Src/ST7735.c:147:6:delayms	16	static
../Src/ST7735.c:154:6:tftSPISenddata	16	static
../Src/ST7735.c:161:6:tftSPISenddata16	16	static
../Src/ST7735.c:168:6:tftSendCmd	16	static
../Src/ST7735.c:176:6:tftSendData	16	static
../Src/ST7735.c:183:6:IOspiInit	32	static
../Src/ST7735.c:605:13:commandList	24	static
../Src/ST7735.c:629:13:commonInit	16	static
../Src/ST7735.c:648:6:tftInitR	16	static
../Src/ST7735.c:681:6:tftSetAddrWindow	24	static
../Src/ST7735.c:699:6:tftPushColor	16	static
../Src/ST7735.c:708:6:tftDrawPixel	16	static
../Src/ST7735.c:723:6:tftFillRect	24	static
../Src/ST7735.c:758:6:tftDrawFastVLine	24	static
../Src/ST7735.c:775:6:tftDrawFastHLine	24	static
../Src/ST7735.c:802:6:tftDrawFastLine	48	static
../Src/ST7735.c:893:6:tftDrawRect	24	static
../Src/ST7735.c:907:6:tftDrawCircle	56	static
../Src/ST7735.c:962:6:tftFillCircle	32	static
../Src/ST7735.c:989:6:tftDrawBitmap	56	static
../Src/ST7735.c:1068:6:tftDrawBitmapRotate	80	static
../Src/ST7735.c:1099:6:tftSetFont	16	static
../Src/ST7735.c:1114:6:tftSetColor	16	static
../Src/ST7735.c:1120:6:tftPrintChar	48	static
../Src/ST7735.c:1189:6:tftRotateChar	88	static
../Src/ST7735.c:1243:6:tftPrintInt	128	static
../Src/ST7735.c:1257:6:tftPrintLong	128	static
../Src/ST7735.c:1271:6:tftPrintFloat	128	static
../Src/ST7735.c:1285:6:tftPrintDouble	136	static
../Src/ST7735.c:1300:6:tftPrint	56	static
../Src/ST7735.c:1353:6:tftPrintColor	32	static
../Src/ST7735.c:1370:6:tftFillScreen	24	static
../Src/ST7735.c:1377:10:tftColor565	16	static
../Src/ST7735.c:1388:6:tftSetRotation	24	static
../Src/ST7735.c:1434:6:tftInvertDisplay	16	static
../Src/ST7735.c:1449:6:tftOff	8	static
../Src/ST7735.c:1456:6:tftOn	8	static
../Src/ST7735.c:1462:9:tftGetWidth	4	static
../Src/ST7735.c:1468:9:tftGetHeight	4	static
